Archive member included to satisfy reference by file (symbol)

/Applications/STM32CubeIDE.app/Contents/Eclipse/plugins/com.st.stm32cube.ide.mcu.externaltools.gnu-tools-for-stm32.7-2018-q2-update.macos64_1.0.0.201904181610/tools/bin/../lib/gcc/arm-none-eabi/7.3.1/../../../../arm-none-eabi/lib/thumb/v7e-m/fpv5/hard/libc_nano.a(lib_a-errno.o)
                              Core/Src/syscalls.o (__errno)
/Applications/STM32CubeIDE.app/Contents/Eclipse/plugins/com.st.stm32cube.ide.mcu.externaltools.gnu-tools-for-stm32.7-2018-q2-update.macos64_1.0.0.201904181610/tools/bin/../lib/gcc/arm-none-eabi/7.3.1/../../../../arm-none-eabi/lib/thumb/v7e-m/fpv5/hard/libc_nano.a(lib_a-exit.o)
                              /Applications/STM32CubeIDE.app/Contents/Eclipse/plugins/com.st.stm32cube.ide.mcu.externaltools.gnu-tools-for-stm32.7-2018-q2-update.macos64_1.0.0.201904181610/tools/bin/../lib/gcc/arm-none-eabi/7.3.1/../../../../arm-none-eabi/lib/thumb/v7e-m/fpv5/hard/crt0.o (exit)
/Applications/STM32CubeIDE.app/Contents/Eclipse/plugins/com.st.stm32cube.ide.mcu.externaltools.gnu-tools-for-stm32.7-2018-q2-update.macos64_1.0.0.201904181610/tools/bin/../lib/gcc/arm-none-eabi/7.3.1/../../../../arm-none-eabi/lib/thumb/v7e-m/fpv5/hard/libc_nano.a(lib_a-impure.o)
                              /Applications/STM32CubeIDE.app/Contents/Eclipse/plugins/com.st.stm32cube.ide.mcu.externaltools.gnu-tools-for-stm32.7-2018-q2-update.macos64_1.0.0.201904181610/tools/bin/../lib/gcc/arm-none-eabi/7.3.1/../../../../arm-none-eabi/lib/thumb/v7e-m/fpv5/hard/libc_nano.a(lib_a-exit.o) (_global_impure_ptr)
/Applications/STM32CubeIDE.app/Contents/Eclipse/plugins/com.st.stm32cube.ide.mcu.externaltools.gnu-tools-for-stm32.7-2018-q2-update.macos64_1.0.0.201904181610/tools/bin/../lib/gcc/arm-none-eabi/7.3.1/../../../../arm-none-eabi/lib/thumb/v7e-m/fpv5/hard/libc_nano.a(lib_a-init.o)
                              /Applications/STM32CubeIDE.app/Contents/Eclipse/plugins/com.st.stm32cube.ide.mcu.externaltools.gnu-tools-for-stm32.7-2018-q2-update.macos64_1.0.0.201904181610/tools/bin/../lib/gcc/arm-none-eabi/7.3.1/../../../../arm-none-eabi/lib/thumb/v7e-m/fpv5/hard/crt0.o (__libc_init_array)
/Applications/STM32CubeIDE.app/Contents/Eclipse/plugins/com.st.stm32cube.ide.mcu.externaltools.gnu-tools-for-stm32.7-2018-q2-update.macos64_1.0.0.201904181610/tools/bin/../lib/gcc/arm-none-eabi/7.3.1/../../../../arm-none-eabi/lib/thumb/v7e-m/fpv5/hard/libc_nano.a(lib_a-memcpy-stub.o)
                              Core/Src/MY_NRF24.o (memcpy)
/Applications/STM32CubeIDE.app/Contents/Eclipse/plugins/com.st.stm32cube.ide.mcu.externaltools.gnu-tools-for-stm32.7-2018-q2-update.macos64_1.0.0.201904181610/tools/bin/../lib/gcc/arm-none-eabi/7.3.1/../../../../arm-none-eabi/lib/thumb/v7e-m/fpv5/hard/libc_nano.a(lib_a-memset.o)
                              /Applications/STM32CubeIDE.app/Contents/Eclipse/plugins/com.st.stm32cube.ide.mcu.externaltools.gnu-tools-for-stm32.7-2018-q2-update.macos64_1.0.0.201904181610/tools/bin/../lib/gcc/arm-none-eabi/7.3.1/../../../../arm-none-eabi/lib/thumb/v7e-m/fpv5/hard/crt0.o (memset)
/Applications/STM32CubeIDE.app/Contents/Eclipse/plugins/com.st.stm32cube.ide.mcu.externaltools.gnu-tools-for-stm32.7-2018-q2-update.macos64_1.0.0.201904181610/tools/bin/../lib/gcc/arm-none-eabi/7.3.1/../../../../arm-none-eabi/lib/thumb/v7e-m/fpv5/hard/libc_nano.a(lib_a-nano-vfprintf_float.o)
                              (_printf_float)
/Applications/STM32CubeIDE.app/Contents/Eclipse/plugins/com.st.stm32cube.ide.mcu.externaltools.gnu-tools-for-stm32.7-2018-q2-update.macos64_1.0.0.201904181610/tools/bin/../lib/gcc/arm-none-eabi/7.3.1/../../../../arm-none-eabi/lib/thumb/v7e-m/fpv5/hard/libc_nano.a(lib_a-nano-vfprintf_i.o)
                              /Applications/STM32CubeIDE.app/Contents/Eclipse/plugins/com.st.stm32cube.ide.mcu.externaltools.gnu-tools-for-stm32.7-2018-q2-update.macos64_1.0.0.201904181610/tools/bin/../lib/gcc/arm-none-eabi/7.3.1/../../../../arm-none-eabi/lib/thumb/v7e-m/fpv5/hard/libc_nano.a(lib_a-nano-vfprintf_float.o) (_printf_common)
/Applications/STM32CubeIDE.app/Contents/Eclipse/plugins/com.st.stm32cube.ide.mcu.externaltools.gnu-tools-for-stm32.7-2018-q2-update.macos64_1.0.0.201904181610/tools/bin/../lib/gcc/arm-none-eabi/7.3.1/../../../../arm-none-eabi/lib/thumb/v7e-m/fpv5/hard/libc_nano.a(lib_a-nano-vfscanf_float.o)
                              (_scanf_float)
/Applications/STM32CubeIDE.app/Contents/Eclipse/plugins/com.st.stm32cube.ide.mcu.externaltools.gnu-tools-for-stm32.7-2018-q2-update.macos64_1.0.0.201904181610/tools/bin/../lib/gcc/arm-none-eabi/7.3.1/../../../../arm-none-eabi/lib/thumb/v7e-m/fpv5/hard/libc_nano.a(lib_a-sf_nan.o)
[...]
Memory Configuration

Name             Origin             Length             Attributes
RAM              0x0000000020000000 0x0000000000080000 xrw
FLASH            0x0000000008000000 0x0000000000200000 xr
*default*        0x0000000000000000 0xffffffffffffffff

Linker script and memory map

LOAD /Applications/STM32CubeIDE.app/Contents/Eclipse/plugins/com.st.stm32cube.ide.mcu.externaltools.gnu-tools-for-stm32.7-2018-q2-update.macos64_1.0.0.201904181610/tools/bin/../lib/gcc/arm-none-eabi/7.3.1/thumb/v7e-m/fpv5/hard/crti.o
LOAD /Applications/STM32CubeIDE.app/Contents/Eclipse/plugins/com.st.stm32cube.ide.mcu.externaltools.gnu-tools-for-stm32.7-2018-q2-update.macos64_1.0.0.201904181610/tools/bin/../lib/gcc/arm-none-eabi/7.3.1/thumb/v7e-m/fpv5/hard/crtbegin.o
LOAD /Applications/STM32CubeIDE.app/Contents/Eclipse/plugins/com.st.stm32cube.ide.mcu.externaltools.gnu-tools-for-stm32.7-2018-q2-update.macos64_1.0.0.201904181610/tools/bin/../lib/gcc/arm-none-eabi/7.3.1/../../../../arm-none-eabi/lib/thumb/v7e-m/fpv5/hard/crt0.o
LOAD Core/Src/MY_NRF24.o
LOAD Core/Src/bmp280.o
LOAD Core/Src/gps.o
LOAD Core/Src/i2c_lcd.o
LOAD Core/Src/main.o
LOAD Core/Src/mpu6050.o
LOAD Core/Src/stm32f7xx_hal_msp.o
LOAD Core/Src/stm32f7xx_it.o
LOAD Core/Src/syscalls.o
LOAD Core/Src/sysmem.o
LOAD Core/Src/system_stm32f7xx.o
LOAD Core/Startup/startup_stm32f767zitx.o
LOAD Drivers/STM32F7xx_HAL_Driver/Src/stm32f7xx_hal.o
LOAD Drivers/STM32F7xx_HAL_Driver/Src/stm32f7xx_hal_adc.o
LOAD Drivers/STM32F7xx_HAL_Driver/Src/stm32f7xx_hal_adc_ex.o
LOAD Drivers/STM32F7xx_HAL_Driver/Src/stm32f7xx_hal_cortex.o
LOAD Drivers/STM32F7xx_HAL_Driver/Src/stm32f7xx_hal_dma.o
LOAD Drivers/STM32F7xx_HAL_Driver/Src/stm32f7xx_hal_dma_ex.o
LOAD Drivers/STM32F7xx_HAL_Driver/Src/stm32f7xx_hal_exti.o
LOAD Drivers/STM32F7xx_HAL_Driver/Src/stm32f7xx_hal_flash.o
LOAD Drivers/STM32F7xx_HAL_Driver/Src/stm32f7xx_hal_flash_ex.o
LOAD Drivers/STM32F7xx_HAL_Driver/Src/stm32f7xx_hal_gpio.o
LOAD Drivers/STM32F7xx_HAL_Driver/Src/stm32f7xx_hal_i2c.o
LOAD Drivers/STM32F7xx_HAL_Driver/Src/stm32f7xx_hal_i2c_ex.o
LOAD Drivers/STM32F7xx_HAL_Driver/Src/stm32f7xx_hal_pwr.o
LOAD Drivers/STM32F7xx_HAL_Driver/Src/stm32f7xx_hal_pwr_ex.o
LOAD Drivers/STM32F7xx_HAL_Driver/Src/stm32f7xx_hal_rcc.o
LOAD Drivers/STM32F7xx_HAL_Driver/Src/stm32f7xx_hal_rcc_ex.o
LOAD Drivers/STM32F7xx_HAL_Driver/Src/stm32f7xx_hal_spi.o
LOAD Drivers/STM32F7xx_HAL_Driver/Src/stm32f7xx_hal_spi_ex.o
LOAD Drivers/STM32F7xx_HAL_Driver/Src/stm32f7xx_hal_tim.o
LOAD Drivers/STM32F7xx_HAL_Driver/Src/stm32f7xx_hal_tim_ex.o
LOAD Drivers/STM32F7xx_HAL_Driver/Src/stm32f7xx_hal_uart.o
LOAD Drivers/STM32F7xx_HAL_Driver/Src/stm32f7xx_hal_uart_ex.o
START GROUP
LOAD /Applications/STM32CubeIDE.app/Contents/Eclipse/plugins/com.st.stm32cube.ide.mcu.externaltools.gnu-tools-for-stm32.7-2018-q2-update.macos64_1.0.0.201904181610/tools/bin/../lib/gcc/arm-none-eabi/7.3.1/../../../../arm-none-eabi/lib/thumb/v7e-m/fpv5/hard/libc_nano.a
LOAD /Applications/STM32CubeIDE.app/Contents/Eclipse/plugins/com.st.stm32cube.ide.mcu.externaltools.gnu-tools-for-stm32.7-2018-q2-update.macos64_1.0.0.201904181610/tools/bin/../lib/gcc/arm-none-eabi/7.3.1/../../../../arm-none-eabi/lib/thumb/v7e-m/fpv5/hard/libm.a
END GROUP
START GROUP
LOAD /Applications/STM32CubeIDE.app/Contents/Eclipse/plugins/com.st.stm32cube.ide.mcu.externaltools.gnu-tools-for-stm32.7-2018-q2-update.macos64_1.0.0.201904181610/tools/bin/../lib/gcc/arm-none-eabi/7.3.1/thumb/v7e-m/fpv5/hard/libgcc.a
LOAD /Applications/STM32CubeIDE.app/Contents/Eclipse/plugins/com.st.stm32cube.ide.mcu.externaltools.gnu-tools-for-stm32.7-2018-q2-update.macos64_1.0.0.201904181610/tools/bin/../lib/gcc/arm-none-eabi/7.3.1/../../../../arm-none-eabi/lib/thumb/v7e-m/fpv5/hard/libc_nano.a
END GROUP
START GROUP
LOAD /Applications/STM32CubeIDE.app/Contents/Eclipse/plugins/com.st.stm32cube.ide.mcu.externaltools.gnu-tools-for-stm32.7-2018-q2-update.macos64_1.0.0.201904181610/tools/bin/../lib/gcc/arm-none-eabi/7.3.1/thumb/v7e-m/fpv5/hard/libgcc.a
LOAD /Applications/STM32CubeIDE.app/Contents/Eclipse/plugins/com.st.stm32cube.ide.mcu.externaltools.gnu-tools-for-stm32.7-2018-q2-update.macos64_1.0.0.201904181610/tools/bin/../lib/gcc/arm-none-eabi/7.3.1/../../../../arm-none-eabi/lib/thumb/v7e-m/fpv5/hard/libc_nano.a
LOAD /Applications/STM32CubeIDE.app/Contents/Eclipse/plugins/com.st.stm32cube.ide.mcu.externaltools.gnu-tools-for-stm32.7-2018-q2-update.macos64_1.0.0.201904181610/tools/bin/../lib/gcc/arm-none-eabi/7.3.1/../../../../arm-none-eabi/lib/thumb/v7e-m/fpv5/hard/libnosys.a
END GROUP
START GROUP
LOAD /Applications/STM32CubeIDE.app/Contents/Eclipse/plugins/com.st.stm32cube.ide.mcu.externaltools.gnu-tools-for-stm32.7-2018-q2-update.macos64_1.0.0.201904181610/tools/bin/../lib/gcc/arm-none-eabi/7.3.1/thumb/v7e-m/fpv5/hard/libgcc.a
LOAD /Applications/STM32CubeIDE.app/Contents/Eclipse/plugins/com.st.stm32cube.ide.mcu.externaltools.gnu-tools-for-stm32.7-2018-q2-update.macos64_1.0.0.201904181610/tools/bin/../lib/gcc/arm-none-eabi/7.3.1/../../../../arm-none-eabi/lib/thumb/v7e-m/fpv5/hard/libc_nano.a
LOAD /Applications/STM32CubeIDE.app/Contents/Eclipse/plugins/com.st.stm32cube.ide.mcu.externaltools.gnu-tools-for-stm32.7-2018-q2-update.macos64_1.0.0.201904181610/tools/bin/../lib/gcc/arm-none-eabi/7.3.1/../../../../arm-none-eabi/lib/thumb/v7e-m/fpv5/hard/libnosys.a
END GROUP
LOAD /Applications/STM32CubeIDE.app/Contents/Eclipse/plugins/com.st.stm32cube.ide.mcu.externaltools.gnu-tools-for-stm32.7-2018-q2-update.macos64_1.0.0.201904181610/tools/bin/../lib/gcc/arm-none-eabi/7.3.1/thumb/v7e-m/fpv5/hard/crtend.o
LOAD /Applications/STM32CubeIDE.app/Contents/Eclipse/plugins/com.st.stm32cube.ide.mcu.externaltools.gnu-tools-for-stm32.7-2018-q2-update.macos64_1.0.0.201904181610/tools/bin/../lib/gcc/arm-none-eabi/7.3.1/thumb/v7e-m/fpv5/hard/crtn.o
                0x0000000020080000                _estack = (ORIGIN (RAM) + LENGTH (RAM))
                0x0000000000000200                _Min_Heap_Size = 0x200
                0x0000000000000400                _Min_Stack_Size = 0x400

.isr_vector     0x0000000008000000      0x1f8
                0x0000000008000000                . = ALIGN (0x4)
 *(.isr_vector)
 .isr_vector    0x0000000008000000      0x1f8 Core/Startup/startup_stm32f767zitx.o
                0x0000000008000000                g_pfnVectors
                0x00000000080001f8                . = ALIGN (0x4)

.text           0x0000000008000200     0xe414
                0x0000000008000200                . = ALIGN (0x4)
 *(.text)
 .text          0x0000000008000200       0x40 /Applications/STM32CubeIDE.app/Contents/Eclipse/plugins/com.st.stm32cube.ide.mcu.externaltools.gnu-tools-for-stm32.7-2018-q2-update.macos64_1.0.0.201904181610/tools/bin/../lib/gcc/arm-none-eabi/7.3.1/thumb/v7e-m/fpv5/hard/crtbegin.o
 .text          0x0000000008000240       0x10 /Applications/STM32CubeIDE.app/Contents/Eclipse/plugins/com.st.stm32cube.ide.mcu.externaltools.gnu-tools-for-stm32.7-2018-q2-update.macos64_1.0.0.201904181610/tools/bin/../lib/gcc/arm-none-eabi/7.3.1/../../../../arm-none-eabi/lib/thumb/v7e-m/fpv5/hard/libc_nano.a(lib_a-strlen.o)
                0x0000000008000240                strlen
 .text          0x0000000008000250       0xa0 /Applications/STM32CubeIDE.app/Contents/Eclipse/plugins/com.st.stm32cube.ide.mcu.externaltools.gnu-tools-for-stm32.7-2018-q2-update.macos64_1.0.0.201904181610/tools/bin/../lib/gcc/arm-none-eabi/7.3.1/../../../../arm-none-eabi/lib/thumb/v7e-m/fpv5/hard/libc_nano.a(lib_a-memchr.o)
                0x0000000008000250                memchr
 .text          0x00000000080002f0       0xa0 /Applications/STM32CubeIDE.app/Contents/Eclipse/plugins/com.st.stm32cube.ide.mcu.externaltools.gnu-tools-for-stm32.7-2018-q2-update.macos64_1.0.0.201904181610/tools/bin/../lib/gcc/arm-none-eabi/7.3.1/thumb/v7e-m/fpv5/hard/libgcc.a(_aeabi_ldivmod.o)
                0x00000000080002f0                __aeabi_ldivmod
 .text          0x0000000008000390       0x30 /Applications/STM32CubeIDE.app/Contents/Eclipse/plugins/com.st.stm32cube.ide.mcu.externaltools.gnu-tools-for-stm32.7-2018-q2-update.macos64_1.0.0.201904181610/tools/bin/../lib/gcc/arm-none-eabi/7.3.1/thumb/v7e-m/fpv5/hard/libgcc.a(_aeabi_uldivmod.o)
                0x0000000008000390                __aeabi_uldivmod
 .text          0x00000000080003c0      0x2cc /Applications/STM32CubeIDE.app/Contents/Eclipse/plugins/com.st.stm32cube.ide.mcu.externaltools.gnu-tools-for-stm32.7-2018-q2-update.macos64_1.0.0.201904181610/tools/bin/../lib/gcc/arm-none-eabi/7.3.1/thumb/v7e-m/fpv5/hard/libgcc.a(_udivmoddi4.o)
                0x00000000080003c0                __udivmoddi4
 .text          0x000000000800068c        0x4 /Applications/STM32CubeIDE.app/Contents/Eclipse/plugins/com.st.stm32cube.ide.mcu.externaltools.gnu-tools-for-stm32.7-2018-q2-update.macos64_1.0.0.201904181610/tools/bin/../lib/gcc/arm-none-eabi/7.3.1/thumb/v7e-m/fpv5/hard/libgcc.a(_dvmd_tls.o)
                0x000000000800068c                __aeabi_ldiv0
                0x000000000800068c                __aeabi_idiv0
 *(.text*)
 .text.NRF24_DelayMicroSeconds
                0x0000000008000690       0x40 Core/Src/MY_NRF24.o
                0x0000000008000690                NRF24_DelayMicroSeconds
 .text.NRF24_csn
                0x00000000080006d0       0x40 Core/Src/MY_NRF24.o
                0x00000000080006d0                NRF24_csn
 .text.NRF24_ce
                0x0000000008000710       0x40 Core/Src/MY_NRF24.o
                0x0000000008000710                NRF24_ce
 .text.NRF24_read_register
                0x0000000008000750       0x50 Core/Src/MY_NRF24.o
                0x0000000008000750                NRF24_read_register
 .text.NRF24_read_registerN
                0x00000000080007a0       0x50 Core/Src/MY_NRF24.o
                0x00000000080007a0                NRF24_read_registerN
 .text.NRF24_write_register
                0x00000000080007f0       0x44 Core/Src/MY_NRF24.o
                0x00000000080007f0                NRF24_write_register
 .text.NRF24_write_registerN
                0x0000000008000834       0x50 Core/Src/MY_NRF24.o
                0x0000000008000834                NRF24_write_registerN
 .text.NRF24_write_payload
                0x0000000008000884       0x44 Core/Src/MY_NRF24.o
                0x0000000008000884                NRF24_write_payload
 .text.NRF24_flush_tx
                0x00000000080008c8       0x10 Core/Src/MY_NRF24.o
                0x00000000080008c8                NRF24_flush_tx
 .text.NRF24_flush_rx
                0x00000000080008d8       0x10 Core/Src/MY_NRF24.o
                0x00000000080008d8                NRF24_flush_rx
 .text.NRF24_get_status
                0x00000000080008e8       0x1a Core/Src/MY_NRF24.o
                0x00000000080008e8                NRF24_get_status
 *fill*         0x0000000008000902        0x2 
 .text.NRF24_begin
                0x0000000008000904      0x1bc Core/Src/MY_NRF24.o
                0x0000000008000904                NRF24_begin
 .text.NRF24_stopListening
                0x0000000008000ac0       0x16 Core/Src/MY_NRF24.o
                0x0000000008000ac0                NRF24_stopListening
 *fill*         0x0000000008000ad6        0x2 
 .text.NRF24_write
                0x0000000008000ad8       0x98 Core/Src/MY_NRF24.o
                0x0000000008000ad8                NRF24_write
 .text.NRF24_available
                0x0000000008000b70       0x10 Core/Src/MY_NRF24.o
                0x0000000008000b70                NRF24_available
 .text.NRF24_openWritingPipe
                0x0000000008000b80       0x48 Core/Src/MY_NRF24.o
                0x0000000008000b80                NRF24_openWritingPipe
 .text.NRF24_setRetries
                0x0000000008000bc8       0x36 Core/Src/MY_NRF24.o
                0x0000000008000bc8                NRF24_setRetries
 .text.NRF24_setChannel
                0x0000000008000bfe       0x2a Core/Src/MY_NRF24.o
                0x0000000008000bfe                NRF24_setChannel
 .text.NRF24_setPayloadSize
                0x0000000008000c28       0x30 Core/Src/MY_NRF24.o
                0x0000000008000c28                NRF24_setPayloadSize
 .text.NRF24_getDynamicPayloadSize
                0x0000000008000c58       0x10 Core/Src/MY_NRF24.o
                0x0000000008000c58                NRF24_getDynamicPayloadSize
 .text.NRF24_enableAckPayload
                0x0000000008000c68       0x5a Core/Src/MY_NRF24.o
                0x0000000008000c68                NRF24_enableAckPayload
 *fill*         0x0000000008000cc2        0x2 
 .text.NRF24_enableDynamicPayloads
                0x0000000008000cc4       0x64 Core/Src/MY_NRF24.o
                0x0000000008000cc4                NRF24_enableDynamicPayloads
 .text.NRF24_disableDynamicPayloads
                0x0000000008000d28       0x30 Core/Src/MY_NRF24.o
                0x0000000008000d28                NRF24_disableDynamicPayloads
 .text.NRF24_setAutoAck
                0x0000000008000d58       0x2a Core/Src/MY_NRF24.o
                0x0000000008000d58                NRF24_setAutoAck
 .text.NRF24_setPALevel
                0x0000000008000d82       0x72 Core/Src/MY_NRF24.o
                0x0000000008000d82                NRF24_setPALevel
 .text.NRF24_setDataRate
                0x0000000008000df4       0x8c Core/Src/MY_NRF24.o
                0x0000000008000df4                NRF24_setDataRate
 .text.NRF24_setCRCLength
                0x0000000008000e80       0x50 Core/Src/MY_NRF24.o
                0x0000000008000e80                NRF24_setCRCLength
 .text.NRF24_powerDown
                0x0000000008000ed0       0x1e Core/Src/MY_NRF24.o
                0x0000000008000ed0                NRF24_powerDown
 .text.NRF24_availablePipe
                0x0000000008000eee       0x60 Core/Src/MY_NRF24.o
                0x0000000008000eee                NRF24_availablePipe
 .text.NRF24_startWrite
                0x0000000008000f4e       0x52 Core/Src/MY_NRF24.o
                0x0000000008000f4e                NRF24_startWrite
 .text.NRF24_whatHappened
                0x0000000008000fa0       0x66 Core/Src/MY_NRF24.o
                0x0000000008000fa0                NRF24_whatHappened
 .text.NRF24_resetStatus
                0x0000000008001006       0x10 Core/Src/MY_NRF24.o
                0x0000000008001006                NRF24_resetStatus
 *fill*         0x0000000008001016        0x2 
 .text.NRF24_ACTIVATE_cmd
                0x0000000008001018       0x34 Core/Src/MY_NRF24.o
                0x0000000008001018                NRF24_ACTIVATE_cmd
 *fill*         0x000000000800104c        0x4 
 .text.readAltitude
                0x0000000008001050       0x74 Core/Src/bmp280.o
                0x0000000008001050                readAltitude
 .text.bmp280_init_default_params
                0x00000000080010c4       0x38 Core/Src/bmp280.o
                0x00000000080010c4                bmp280_init_default_params
 .text.read_register16
                0x00000000080010fc       0x5e Core/Src/bmp280.o
 .text.read_data
                0x000000000800115a       0x52 Core/Src/bmp280.o
 .text.read_calibration_data
                0x00000000080011ac      0x104 Core/Src/bmp280.o
 .text.read_hum_calibration_data
                0x00000000080012b0       0xc0 Core/Src/bmp280.o
 .text.write_register8
                0x0000000008001370       0x4a Core/Src/bmp280.o
 .text.bmp280_init
                0x00000000080013ba      0x15a Core/Src/bmp280.o
                0x00000000080013ba                bmp280_init
 .text.compensate_temperature
                0x0000000008001514       0x72 Core/Src/bmp280.o
 .text.compensate_pressure
                0x0000000008001586      0x354 Core/Src/bmp280.o
 .text.compensate_humidity
                0x00000000080018da       0xbe Core/Src/bmp280.o
 .text.bmp280_read_fixed
                0x0000000008001998       0xca Core/Src/bmp280.o
                0x0000000008001998                bmp280_read_fixed
 *fill*         0x0000000008001a62        0x2 
 .text.bmp280_read_float
                0x0000000008001a64       0x98 Core/Src/bmp280.o
                0x0000000008001a64                bmp280_read_float
 *fill*         0x0000000008001afc        0x4 
 .text.convertDegMinToDecDeg
                0x0000000008001b00       0x94 Core/Src/gps.o
 .text.gps_init
                0x0000000008001b94       0x40 Core/Src/gps.o
                0x0000000008001b94                gps_init
 .text.gps_process
                0x0000000008001bd4      0x240 Core/Src/gps.o
                0x0000000008001bd4                gps_process
 .text.gps_callBack
                0x0000000008001e14       0x54 Core/Src/gps.o
                0x0000000008001e14                gps_callBack
 .text.delay_us
                0x0000000008001e68       0x30 Core/Src/i2c_lcd.o
 .text.en_high  0x0000000008001e98       0x3e Core/Src/i2c_lcd.o
 .text.en_low   0x0000000008001ed6       0x3e Core/Src/i2c_lcd.o
 .text.rs_high  0x0000000008001f14       0x3e Core/Src/i2c_lcd.o
 .text.rs_low   0x0000000008001f52       0x3e Core/Src/i2c_lcd.o
 .text.pulse_en
                0x0000000008001f90       0x28 Core/Src/i2c_lcd.o
 .text.write    0x0000000008001fb8       0x62 Core/Src/i2c_lcd.o
 .text.putChar  0x000000000800201a       0x38 Core/Src/i2c_lcd.o
 .text.i2c_lcd_cmd
                0x0000000008002052       0x2c Core/Src/i2c_lcd.o
 *fill*         0x000000000800207e        0x2 
 .text.i2c_lcd_init
                0x0000000008002080      0x14c Core/Src/i2c_lcd.o
                0x0000000008002080                i2c_lcd_init
 .text.i2c_lcd_print
                0x00000000080021cc       0x34 Core/Src/i2c_lcd.o
                0x00000000080021cc                i2c_lcd_print
 .text.i2c_lcd_bl
                0x0000000008002200       0x58 Core/Src/i2c_lcd.o
                0x0000000008002200                i2c_lcd_bl
 .text.i2c_lcd_home
                0x0000000008002258       0x18 Core/Src/i2c_lcd.o
                0x0000000008002258                i2c_lcd_home
 .text.i2c_lcd_bk
                0x0000000008002270       0x44 Core/Src/i2c_lcd.o
                0x0000000008002270                i2c_lcd_bk
 .text.i2c_lcd_cursor
                0x00000000080022b4       0x44 Core/Src/i2c_lcd.o
                0x00000000080022b4                i2c_lcd_cursor
 .text.i2c_lcd_display
                0x00000000080022f8       0x44 Core/Src/i2c_lcd.o
                0x00000000080022f8                i2c_lcd_display
 .text.i2c_lcd_setCursor
                0x000000000800233c       0x5e Core/Src/i2c_lcd.o
                0x000000000800233c                i2c_lcd_setCursor
 *fill*         0x000000000800239a        0x2 
 .text.HAL_UART_RxCpltCallback
                0x000000000800239c      0x130 Core/Src/main.o
                0x000000000800239c                HAL_UART_RxCpltCallback
 .text.isPressed
                0x00000000080024cc       0x44 Core/Src/main.o
                0x00000000080024cc                isPressed
 .text.main     0x0000000008002510      0x748 Core/Src/main.o
                0x0000000008002510                main
 .text.SystemClock_Config
                0x0000000008002c58      0x134 Core/Src/main.o
                0x0000000008002c58                SystemClock_Config
 .text.MX_ADC3_Init
                0x0000000008002d8c       0xa4 Core/Src/main.o
 .text.MX_I2C1_Init
                0x0000000008002e30       0x80 Core/Src/main.o
 .text.MX_I2C2_Init
                0x0000000008002eb0       0x80 Core/Src/main.o
 .text.MX_SPI1_Init
                0x0000000008002f30       0x7c Core/Src/main.o
 .text.MX_TIM1_Init
                0x0000000008002fac       0xa8 Core/Src/main.o
 .text.MX_UART7_Init
                0x0000000008003054       0x60 Core/Src/main.o
 .text.MX_USART3_UART_Init
                0x00000000080030b4       0x60 Core/Src/main.o
 .text.MX_USART6_UART_Init
                0x0000000008003114       0x60 Core/Src/main.o
 .text.MX_GPIO_Init
                0x0000000008003174      0x284 Core/Src/main.o
 .text.Error_Handler
                0x00000000080033f8        0xe Core/Src/main.o
                0x00000000080033f8                Error_Handler
 .text.mpu_read_register
                0x0000000008003406       0x58 Core/Src/mpu6050.o
 .text.mpu_write_register
                0x000000000800345e       0x4a Core/Src/mpu6050.o
 .text.mpu_init
                0x00000000080034a8       0x72 Core/Src/mpu6050.o
                0x00000000080034a8                mpu_init
 .text.mpu_sleep
                0x000000000800351a       0x46 Core/Src/mpu6050.o
                0x000000000800351a                mpu_sleep
 .text.mpu_set_gyro_range
                0x0000000008003560       0x46 Core/Src/mpu6050.o
                0x0000000008003560                mpu_set_gyro_range
 .text.mpu_set_accel_range
                0x00000000080035a6       0x46 Core/Src/mpu6050.o
                0x00000000080035a6                mpu_set_accel_range
 .text.mpu_set_clksel
                0x00000000080035ec       0x3e Core/Src/mpu6050.o
                0x00000000080035ec                mpu_set_clksel
 .text.mpu_get_gyro
                0x000000000800362a       0x8e Core/Src/mpu6050.o
                0x000000000800362a                mpu_get_gyro
 .text.mpu_get_accel
                0x00000000080036b8       0x8e Core/Src/mpu6050.o
                0x00000000080036b8                mpu_get_accel
 *fill*         0x0000000008003746        0x2 
 .text.mpu_get_angles
                0x0000000008003748      0x280 Core/Src/mpu6050.o
                0x0000000008003748                mpu_get_angles
 .text.HAL_MspInit
                0x00000000080039c8       0x48 Core/Src/stm32f7xx_hal_msp.o
                0x00000000080039c8                HAL_MspInit
 .text.HAL_ADC_MspInit
                0x0000000008003a10       0x80 Core/Src/stm32f7xx_hal_msp.o
                0x0000000008003a10                HAL_ADC_MspInit
 .text.HAL_I2C_MspInit
                0x0000000008003a90       0xec Core/Src/stm32f7xx_hal_msp.o
                0x0000000008003a90                HAL_I2C_MspInit
 .text.HAL_SPI_MspInit
                0x0000000008003b7c       0x88 Core/Src/stm32f7xx_hal_msp.o
                0x0000000008003b7c                HAL_SPI_MspInit
 .text.HAL_TIM_Base_MspInit
                0x0000000008003c04       0x40 Core/Src/stm32f7xx_hal_msp.o
                0x0000000008003c04                HAL_TIM_Base_MspInit
 .text.HAL_UART_MspInit
                0x0000000008003c44      0x174 Core/Src/stm32f7xx_hal_msp.o
                0x0000000008003c44                HAL_UART_MspInit
 .text.NMI_Handler
                0x0000000008003db8        0xe Core/Src/stm32f7xx_it.o
                0x0000000008003db8                NMI_Handler
 .text.HardFault_Handler
                0x0000000008003dc6        0x6 Core/Src/stm32f7xx_it.o
                0x0000000008003dc6                HardFault_Handler
 .text.MemManage_Handler
                0x0000000008003dcc        0x6 Core/Src/stm32f7xx_it.o
                0x0000000008003dcc                MemManage_Handler
 .text.BusFault_Handler
                0x0000000008003dd2        0x6 Core/Src/stm32f7xx_it.o
                0x0000000008003dd2                BusFault_Handler
 .text.UsageFault_Handler
                0x0000000008003dd8        0x6 Core/Src/stm32f7xx_it.o
                0x0000000008003dd8                UsageFault_Handler
 .text.SVC_Handler
                0x0000000008003dde        0xe Core/Src/stm32f7xx_it.o
                0x0000000008003dde                SVC_Handler
 .text.DebugMon_Handler
                0x0000000008003dec        0xe Core/Src/stm32f7xx_it.o
                0x0000000008003dec                DebugMon_Handler
 .text.PendSV_Handler
                0x0000000008003dfa        0xe Core/Src/stm32f7xx_it.o
                0x0000000008003dfa                PendSV_Handler
 .text.SysTick_Handler
                0x0000000008003e08        0xc Core/Src/stm32f7xx_it.o
                0x0000000008003e08                SysTick_Handler
 .text.USART6_IRQHandler
                0x0000000008003e14       0x14 Core/Src/stm32f7xx_it.o
                0x0000000008003e14                USART6_IRQHandler
 .text.UART7_IRQHandler
                0x0000000008003e28       0x14 Core/Src/stm32f7xx_it.o
                0x0000000008003e28                UART7_IRQHandler
 .text._sbrk    0x0000000008003e3c       0x58 Core/Src/sysmem.o
                0x0000000008003e3c                _sbrk
 .text.SystemInit
                0x0000000008003e94       0x6c Core/Src/system_stm32f7xx.o
                0x0000000008003e94                SystemInit
 .text.Reset_Handler
                0x0000000008003f00       0x50 Core/Startup/startup_stm32f767zitx.o
                0x0000000008003f00                Reset_Handler
 .text.Default_Handler
                0x0000000008003f50        0x2 Core/Startup/startup_stm32f767zitx.o
                0x0000000008003f50                DMA1_Stream3_IRQHandler
                0x0000000008003f50                EXTI2_IRQHandler
                0x0000000008003f50                TIM8_CC_IRQHandler
                0x0000000008003f50                UART8_IRQHandler
                0x0000000008003f50                SPI4_IRQHandler
                0x0000000008003f50                TIM1_CC_IRQHandler
                0x0000000008003f50                DMA2_Stream5_IRQHandler
                0x0000000008003f50                JPEG_IRQHandler
                0x0000000008003f50                DMA1_Stream5_IRQHandler
                0x0000000008003f50                CAN3_RX1_IRQHandler
                0x0000000008003f50                PVD_IRQHandler
                0x0000000008003f50                TAMP_STAMP_IRQHandler
                0x0000000008003f50                CAN2_RX1_IRQHandler
                0x0000000008003f50                EXTI3_IRQHandler
                0x0000000008003f50                TIM8_TRG_COM_TIM14_IRQHandler
                0x0000000008003f50                DFSDM1_FLT1_IRQHandler
                0x0000000008003f50                TIM1_UP_TIM10_IRQHandler
                0x0000000008003f50                TIM8_UP_TIM13_IRQHandler
                0x0000000008003f50                I2C3_ER_IRQHandler
                0x0000000008003f50                DFSDM1_FLT2_IRQHandler
                0x0000000008003f50                EXTI0_IRQHandler
                0x0000000008003f50                I2C2_EV_IRQHandler
                0x0000000008003f50                DMA1_Stream2_IRQHandler
                0x0000000008003f50                CAN1_RX0_IRQHandler
                0x0000000008003f50                FPU_IRQHandler
                0x0000000008003f50                OTG_HS_WKUP_IRQHandler
                0x0000000008003f50                CAN3_SCE_IRQHandler
                0x0000000008003f50                LTDC_ER_IRQHandler
                0x0000000008003f50                CAN2_SCE_IRQHandler
                0x0000000008003f50                DMA2_Stream2_IRQHandler
                0x0000000008003f50                SPI1_IRQHandler
                0x0000000008003f50                TIM6_DAC_IRQHandler
                0x0000000008003f50                TIM1_BRK_TIM9_IRQHandler
                0x0000000008003f50                DCMI_IRQHandler
                0x0000000008003f50                CAN2_RX0_IRQHandler
                0x0000000008003f50                DMA2_Stream3_IRQHandler
                0x0000000008003f50                SAI2_IRQHandler
                0x0000000008003f50                DFSDM1_FLT3_IRQHandler
                0x0000000008003f50                CAN3_RX0_IRQHandler
                0x0000000008003f50                USART3_IRQHandler
                0x0000000008003f50                CAN1_RX1_IRQHandler
                0x0000000008003f50                UART5_IRQHandler
                0x0000000008003f50                DMA2_Stream0_IRQHandler
                0x0000000008003f50                TIM4_IRQHandler
                0x0000000008003f50                QUADSPI_IRQHandler
                0x0000000008003f50                I2C1_EV_IRQHandler
                0x0000000008003f50                DMA1_Stream6_IRQHandler
                0x0000000008003f50                DMA1_Stream1_IRQHandler
                0x0000000008003f50                UART4_IRQHandler
                0x0000000008003f50                TIM3_IRQHandler
                0x0000000008003f50                RCC_IRQHandler
                0x0000000008003f50                TIM8_BRK_TIM12_IRQHandler
                0x0000000008003f50                Default_Handler
                0x0000000008003f50                CEC_IRQHandler
                0x0000000008003f50                EXTI15_10_IRQHandler
                0x0000000008003f50                ADC_IRQHandler
                0x0000000008003f50                DMA1_Stream7_IRQHandler
                0x0000000008003f50                SPI5_IRQHandler
                0x0000000008003f50                TIM7_IRQHandler
                0x0000000008003f50                SDMMC1_IRQHandler
                0x0000000008003f50                CAN2_TX_IRQHandler
                0x0000000008003f50                TIM5_IRQHandler
                0x0000000008003f50                DMA2_Stream7_IRQHandler
                0x0000000008003f50                I2C3_EV_IRQHandler
                0x0000000008003f50                EXTI9_5_IRQHandler
                0x0000000008003f50                RTC_WKUP_IRQHandler
                0x0000000008003f50                LTDC_IRQHandler
                0x0000000008003f50                ETH_WKUP_IRQHandler
                0x0000000008003f50                SPDIF_RX_IRQHandler
                0x0000000008003f50                SPI2_IRQHandler
                0x0000000008003f50                OTG_HS_EP1_IN_IRQHandler
                0x0000000008003f50                DMA1_Stream0_IRQHandler
                0x0000000008003f50                CAN1_TX_IRQHandler
                0x0000000008003f50                EXTI4_IRQHandler
                0x0000000008003f50                RNG_IRQHandler
                0x0000000008003f50                ETH_IRQHandler
                0x0000000008003f50                OTG_HS_EP1_OUT_IRQHandler
                0x0000000008003f50                WWDG_IRQHandler
                0x0000000008003f50                SPI6_IRQHandler
                0x0000000008003f50                MDIOS_IRQHandler
                0x0000000008003f50                I2C4_EV_IRQHandler
                0x0000000008003f50                CAN3_TX_IRQHandler
                0x0000000008003f50                TIM2_IRQHandler
                0x0000000008003f50                OTG_FS_WKUP_IRQHandler
                0x0000000008003f50                TIM1_TRG_COM_TIM11_IRQHandler
                0x0000000008003f50                OTG_HS_IRQHandler
                0x0000000008003f50                DMA2D_IRQHandler
                0x0000000008003f50                EXTI1_IRQHandler
                0x0000000008003f50                SDMMC2_IRQHandler
                0x0000000008003f50                USART2_IRQHandler
                0x0000000008003f50                DFSDM1_FLT0_IRQHandler
                0x0000000008003f50                I2C2_ER_IRQHandler
                0x0000000008003f50                DMA2_Stream1_IRQHandler
                0x0000000008003f50                CAN1_SCE_IRQHandler
                0x0000000008003f50                FLASH_IRQHandler
                0x0000000008003f50                DMA2_Stream4_IRQHandler
                0x0000000008003f50                USART1_IRQHandler
                0x0000000008003f50                OTG_FS_IRQHandler
                0x0000000008003f50                SPI3_IRQHandler
                0x0000000008003f50                DMA1_Stream4_IRQHandler
                0x0000000008003f50                I2C1_ER_IRQHandler
                0x0000000008003f50                FMC_IRQHandler
                0x0000000008003f50                LPTIM1_IRQHandler
                0x0000000008003f50                I2C4_ER_IRQHandler
                0x0000000008003f50                DMA2_Stream6_IRQHandler
                0x0000000008003f50                SAI1_IRQHandler
                0x0000000008003f50                RTC_Alarm_IRQHandler
 .text.HAL_Init
                0x0000000008003f52       0x1a Drivers/STM32F7xx_HAL_Driver/Src/stm32f7xx_hal.o
                0x0000000008003f52                HAL_Init
 .text.HAL_InitTick
                0x0000000008003f6c       0x60 Drivers/STM32F7xx_HAL_Driver/Src/stm32f7xx_hal.o
                0x0000000008003f6c                HAL_InitTick
 .text.HAL_IncTick
                0x0000000008003fcc       0x28 Drivers/STM32F7xx_HAL_Driver/Src/stm32f7xx_hal.o
                0x0000000008003fcc                HAL_IncTick
 .text.HAL_GetTick
                0x0000000008003ff4       0x18 Drivers/STM32F7xx_HAL_Driver/Src/stm32f7xx_hal.o
                0x0000000008003ff4                HAL_GetTick
 .text.HAL_Delay
                0x000000000800400c       0x44 Drivers/STM32F7xx_HAL_Driver/Src/stm32f7xx_hal.o
                0x000000000800400c                HAL_Delay
 .text.HAL_ADC_Init
                0x0000000008004050       0x88 Drivers/STM32F7xx_HAL_Driver/Src/stm32f7xx_hal_adc.o
                0x0000000008004050                HAL_ADC_Init
 .text.HAL_ADC_Start
                0x00000000080040d8      0x180 Drivers/STM32F7xx_HAL_Driver/Src/stm32f7xx_hal_adc.o
                0x00000000080040d8                HAL_ADC_Start
 .text.HAL_ADC_PollForConversion
                0x0000000008004258      0x108 Drivers/STM32F7xx_HAL_Driver/Src/stm32f7xx_hal_adc.o
                0x0000000008004258                HAL_ADC_PollForConversion
 .text.HAL_ADC_GetValue
                0x0000000008004360       0x1a Drivers/STM32F7xx_HAL_Driver/Src/stm32f7xx_hal_adc.o
                0x0000000008004360                HAL_ADC_GetValue
 *fill*         0x000000000800437a        0x2 
 .text.HAL_ADC_ConfigChannel
                0x000000000800437c      0x268 Drivers/STM32F7xx_HAL_Driver/Src/stm32f7xx_hal_adc.o
                0x000000000800437c                HAL_ADC_ConfigChannel
 .text.ADC_Init
                0x00000000080045e4      0x1f4 Drivers/STM32F7xx_HAL_Driver/Src/stm32f7xx_hal_adc.o
 .text.__NVIC_SetPriorityGrouping
                0x00000000080047d8       0x48 Drivers/STM32F7xx_HAL_Driver/Src/stm32f7xx_hal_cortex.o
 .text.__NVIC_GetPriorityGrouping
                0x0000000008004820       0x1c Drivers/STM32F7xx_HAL_Driver/Src/stm32f7xx_hal_cortex.o
 .text.__NVIC_EnableIRQ
                0x000000000800483c       0x3c Drivers/STM32F7xx_HAL_Driver/Src/stm32f7xx_hal_cortex.o
 .text.__NVIC_SetPriority
                0x0000000008004878       0x54 Drivers/STM32F7xx_HAL_Driver/Src/stm32f7xx_hal_cortex.o
 .text.NVIC_EncodePriority
                0x00000000080048cc       0x66 Drivers/STM32F7xx_HAL_Driver/Src/stm32f7xx_hal_cortex.o
 *fill*         0x0000000008004932        0x2 
 .text.SysTick_Config
                0x0000000008004934       0x44 Drivers/STM32F7xx_HAL_Driver/Src/stm32f7xx_hal_cortex.o
 .text.HAL_NVIC_SetPriorityGrouping
                0x0000000008004978       0x16 Drivers/STM32F7xx_HAL_Driver/Src/stm32f7xx_hal_cortex.o
                0x0000000008004978                HAL_NVIC_SetPriorityGrouping
 .text.HAL_NVIC_SetPriority
                0x000000000800498e       0x38 Drivers/STM32F7xx_HAL_Driver/Src/stm32f7xx_hal_cortex.o
                0x000000000800498e                HAL_NVIC_SetPriority
 .text.HAL_NVIC_EnableIRQ
                0x00000000080049c6       0x1c Drivers/STM32F7xx_HAL_Driver/Src/stm32f7xx_hal_cortex.o
                0x00000000080049c6                HAL_NVIC_EnableIRQ
 .text.HAL_SYSTICK_Config
                0x00000000080049e2       0x18 Drivers/STM32F7xx_HAL_Driver/Src/stm32f7xx_hal_cortex.o
                0x00000000080049e2                HAL_SYSTICK_Config
 .text.HAL_DMA_Abort_IT
                0x00000000080049fa       0x44 Drivers/STM32F7xx_HAL_Driver/Src/stm32f7xx_hal_dma.o
                0x00000000080049fa                HAL_DMA_Abort_IT
 *fill*         0x0000000008004a3e        0x2 
 .text.HAL_GPIO_Init
                0x0000000008004a40      0x354 Drivers/STM32F7xx_HAL_Driver/Src/stm32f7xx_hal_gpio.o
                0x0000000008004a40                HAL_GPIO_Init
 .text.HAL_GPIO_ReadPin
                0x0000000008004d94       0x30 Drivers/STM32F7xx_HAL_Driver/Src/stm32f7xx_hal_gpio.o
                0x0000000008004d94                HAL_GPIO_ReadPin
 .text.HAL_GPIO_WritePin
                0x0000000008004dc4       0x32 Drivers/STM32F7xx_HAL_Driver/Src/stm32f7xx_hal_gpio.o
                0x0000000008004dc4                HAL_GPIO_WritePin
 *fill*         0x0000000008004df6        0x2 
 .text.HAL_I2C_Init
                0x0000000008004df8      0x120 Drivers/STM32F7xx_HAL_Driver/Src/stm32f7xx_hal_i2c.o
                0x0000000008004df8                HAL_I2C_Init
 .text.HAL_I2C_Master_Transmit
                0x0000000008004f18      0x1e8 Drivers/STM32F7xx_HAL_Driver/Src/stm32f7xx_hal_i2c.o
                0x0000000008004f18                HAL_I2C_Master_Transmit
 .text.HAL_I2C_Master_Receive
                0x0000000008005100      0x1ec Drivers/STM32F7xx_HAL_Driver/Src/stm32f7xx_hal_i2c.o
                0x0000000008005100                HAL_I2C_Master_Receive
 .text.HAL_I2C_Mem_Write
                0x00000000080052ec      0x228 Drivers/STM32F7xx_HAL_Driver/Src/stm32f7xx_hal_i2c.o
                0x00000000080052ec                HAL_I2C_Mem_Write
 .text.HAL_I2C_Mem_Read
                0x0000000008005514      0x234 Drivers/STM32F7xx_HAL_Driver/Src/stm32f7xx_hal_i2c.o
                0x0000000008005514                HAL_I2C_Mem_Read
 .text.HAL_I2C_IsDeviceReady
                0x0000000008005748      0x210 Drivers/STM32F7xx_HAL_Driver/Src/stm32f7xx_hal_i2c.o
                0x0000000008005748                HAL_I2C_IsDeviceReady
 .text.I2C_RequestMemoryWrite
                0x0000000008005958       0xa8 Drivers/STM32F7xx_HAL_Driver/Src/stm32f7xx_hal_i2c.o
 .text.I2C_RequestMemoryRead
                0x0000000008005a00       0xa8 Drivers/STM32F7xx_HAL_Driver/Src/stm32f7xx_hal_i2c.o
 .text.I2C_Flush_TXDR
                0x0000000008005aa8       0x48 Drivers/STM32F7xx_HAL_Driver/Src/stm32f7xx_hal_i2c.o
 .text.I2C_WaitOnFlagUntilTimeout
                0x0000000008005af0       0x80 Drivers/STM32F7xx_HAL_Driver/Src/stm32f7xx_hal_i2c.o
 .text.I2C_WaitOnTXISFlagUntilTimeout
                0x0000000008005b70       0x80 Drivers/STM32F7xx_HAL_Driver/Src/stm32f7xx_hal_i2c.o
 .text.I2C_WaitOnSTOPFlagUntilTimeout
                0x0000000008005bf0       0x78 Drivers/STM32F7xx_HAL_Driver/Src/stm32f7xx_hal_i2c.o
 .text.I2C_WaitOnRXNEFlagUntilTimeout
                0x0000000008005c68       0xd8 Drivers/STM32F7xx_HAL_Driver/Src/stm32f7xx_hal_i2c.o
 .text.I2C_IsAcknowledgeFailed
                0x0000000008005d40       0xcc Drivers/STM32F7xx_HAL_Driver/Src/stm32f7xx_hal_i2c.o
 .text.I2C_TransferConfig
                0x0000000008005e0c       0x5c Drivers/STM32F7xx_HAL_Driver/Src/stm32f7xx_hal_i2c.o
 .text.HAL_I2CEx_ConfigAnalogFilter
                0x0000000008005e68       0x96 Drivers/STM32F7xx_HAL_Driver/Src/stm32f7xx_hal_i2c_ex.o
                0x0000000008005e68                HAL_I2CEx_ConfigAnalogFilter
 .text.HAL_I2CEx_ConfigDigitalFilter
                0x0000000008005efe       0x98 Drivers/STM32F7xx_HAL_Driver/Src/stm32f7xx_hal_i2c_ex.o
                0x0000000008005efe                HAL_I2CEx_ConfigDigitalFilter
 *fill*         0x0000000008005f96        0x2 
 .text.HAL_PWR_EnableBkUpAccess
                0x0000000008005f98       0x20 Drivers/STM32F7xx_HAL_Driver/Src/stm32f7xx_hal_pwr.o
                0x0000000008005f98                HAL_PWR_EnableBkUpAccess
 .text.HAL_PWREx_EnableOverDrive
                0x0000000008005fb8       0xa0 Drivers/STM32F7xx_HAL_Driver/Src/stm32f7xx_hal_pwr_ex.o
                0x0000000008005fb8                HAL_PWREx_EnableOverDrive
 .text.HAL_RCC_OscConfig
                0x0000000008006058      0x4e4 Drivers/STM32F7xx_HAL_Driver/Src/stm32f7xx_hal_rcc.o
                0x0000000008006058                HAL_RCC_OscConfig
 .text.HAL_RCC_ClockConfig
                0x000000000800653c      0x1d0 Drivers/STM32F7xx_HAL_Driver/Src/stm32f7xx_hal_rcc.o
                0x000000000800653c                HAL_RCC_ClockConfig
 .text.HAL_RCC_GetSysClockFreq
                0x000000000800670c      0x1b0 Drivers/STM32F7xx_HAL_Driver/Src/stm32f7xx_hal_rcc.o
                0x000000000800670c                HAL_RCC_GetSysClockFreq
 .text.HAL_RCC_GetHCLKFreq
                0x00000000080068bc       0x18 Drivers/STM32F7xx_HAL_Driver/Src/stm32f7xx_hal_rcc.o
                0x00000000080068bc                HAL_RCC_GetHCLKFreq
 .text.HAL_RCC_GetPCLK1Freq
                0x00000000080068d4       0x28 Drivers/STM32F7xx_HAL_Driver/Src/stm32f7xx_hal_rcc.o
                0x00000000080068d4                HAL_RCC_GetPCLK1Freq
 .text.HAL_RCC_GetPCLK2Freq
                0x00000000080068fc       0x28 Drivers/STM32F7xx_HAL_Driver/Src/stm32f7xx_hal_rcc.o
                0x00000000080068fc                HAL_RCC_GetPCLK2Freq
 .text.HAL_RCCEx_PeriphCLKConfig
                0x0000000008006924      0x84c Drivers/STM32F7xx_HAL_Driver/Src/stm32f7xx_hal_rcc_ex.o
                0x0000000008006924                HAL_RCCEx_PeriphCLKConfig
 .text.HAL_SPI_Init
                0x0000000008007170      0x124 Drivers/STM32F7xx_HAL_Driver/Src/stm32f7xx_hal_spi.o
                0x0000000008007170                HAL_SPI_Init
 .text.HAL_SPI_Transmit
                0x0000000008007294      0x2cc Drivers/STM32F7xx_HAL_Driver/Src/stm32f7xx_hal_spi.o
                0x0000000008007294                HAL_SPI_Transmit
 .text.HAL_SPI_Receive
                0x0000000008007560      0x250 Drivers/STM32F7xx_HAL_Driver/Src/stm32f7xx_hal_spi.o
                0x0000000008007560                HAL_SPI_Receive
 .text.HAL_SPI_TransmitReceive
                0x00000000080077b0      0x426 Drivers/STM32F7xx_HAL_Driver/Src/stm32f7xx_hal_spi.o
                0x00000000080077b0                HAL_SPI_TransmitReceive
 .text.SPI_WaitFlagStateUntilTimeout
                0x0000000008007bd6       0xd4 Drivers/STM32F7xx_HAL_Driver/Src/stm32f7xx_hal_spi.o
 .text.SPI_WaitFifoStateUntilTimeout
                0x0000000008007caa       0xda Drivers/STM32F7xx_HAL_Driver/Src/stm32f7xx_hal_spi.o
 .text.SPI_EndRxTransaction
                0x0000000008007d84       0xb0 Drivers/STM32F7xx_HAL_Driver/Src/stm32f7xx_hal_spi.o
 .text.SPI_EndRxTxTransaction
                0x0000000008007e34       0x8c Drivers/STM32F7xx_HAL_Driver/Src/stm32f7xx_hal_spi.o
 .text.HAL_TIM_Base_Init
                0x0000000008007ec0       0x56 Drivers/STM32F7xx_HAL_Driver/Src/stm32f7xx_hal_tim.o
                0x0000000008007ec0                HAL_TIM_Base_Init
 *fill*         0x0000000008007f16        0x2 
 .text.HAL_TIM_Base_Start
                0x0000000008007f18       0x54 Drivers/STM32F7xx_HAL_Driver/Src/stm32f7xx_hal_tim.o
                0x0000000008007f18                HAL_TIM_Base_Start
 .text.HAL_TIM_ConfigClockSource
                0x0000000008007f6c      0x174 Drivers/STM32F7xx_HAL_Driver/Src/stm32f7xx_hal_tim.o
                0x0000000008007f6c                HAL_TIM_ConfigClockSource
 .text.TIM_Base_SetConfig
                0x00000000080080e0      0x140 Drivers/STM32F7xx_HAL_Driver/Src/stm32f7xx_hal_tim.o
                0x00000000080080e0                TIM_Base_SetConfig
 .text.TIM_TI1_ConfigInputStage
                0x0000000008008220       0x5e Drivers/STM32F7xx_HAL_Driver/Src/stm32f7xx_hal_tim.o
 .text.TIM_TI2_ConfigInputStage
                0x000000000800827e       0x60 Drivers/STM32F7xx_HAL_Driver/Src/stm32f7xx_hal_tim.o
 .text.TIM_ITRx_SetConfig
                0x00000000080082de       0x36 Drivers/STM32F7xx_HAL_Driver/Src/stm32f7xx_hal_tim.o
 .text.TIM_ETR_SetConfig
                0x0000000008008314       0x40 Drivers/STM32F7xx_HAL_Driver/Src/stm32f7xx_hal_tim.o
                0x0000000008008314                TIM_ETR_SetConfig
 .text.HAL_TIMEx_MasterConfigSynchronization
                0x0000000008008354       0xb8 Drivers/STM32F7xx_HAL_Driver/Src/stm32f7xx_hal_tim_ex.o
                0x0000000008008354                HAL_TIMEx_MasterConfigSynchronization
 .text.HAL_UART_Init
                0x000000000800840c       0x9c Drivers/STM32F7xx_HAL_Driver/Src/stm32f7xx_hal_uart.o
                0x000000000800840c                HAL_UART_Init
 .text.HAL_UART_Transmit
                0x00000000080084a8      0x122 Drivers/STM32F7xx_HAL_Driver/Src/stm32f7xx_hal_uart.o
                0x00000000080084a8                HAL_UART_Transmit
 *fill*         0x00000000080085ca        0x2 
 .text.HAL_UART_Receive_IT
                0x00000000080085cc      0x144 Drivers/STM32F7xx_HAL_Driver/Src/stm32f7xx_hal_uart.o
                0x00000000080085cc                HAL_UART_Receive_IT
 .text.HAL_UART_IRQHandler
                0x0000000008008710      0x238 Drivers/STM32F7xx_HAL_Driver/Src/stm32f7xx_hal_uart.o
                0x0000000008008710                HAL_UART_IRQHandler
 .text.HAL_UART_TxCpltCallback
                0x0000000008008948       0x14 Drivers/STM32F7xx_HAL_Driver/Src/stm32f7xx_hal_uart.o
                0x0000000008008948                HAL_UART_TxCpltCallback
 .text.HAL_UART_ErrorCallback
                0x000000000800895c       0x14 Drivers/STM32F7xx_HAL_Driver/Src/stm32f7xx_hal_uart.o
                0x000000000800895c                HAL_UART_ErrorCallback
 .text.UART_SetConfig
                0x0000000008008970      0x548 Drivers/STM32F7xx_HAL_Driver/Src/stm32f7xx_hal_uart.o
                0x0000000008008970                UART_SetConfig
 .text.UART_AdvFeatureConfig
                0x0000000008008eb8      0x144 Drivers/STM32F7xx_HAL_Driver/Src/stm32f7xx_hal_uart.o
                0x0000000008008eb8                UART_AdvFeatureConfig
 .text.UART_CheckIdleState
                0x0000000008008ffc       0x5e Drivers/STM32F7xx_HAL_Driver/Src/stm32f7xx_hal_uart.o
                0x0000000008008ffc                UART_CheckIdleState
 .text.UART_WaitOnFlagUntilTimeout
                0x000000000800905a       0x90 Drivers/STM32F7xx_HAL_Driver/Src/stm32f7xx_hal_uart.o
                0x000000000800905a                UART_WaitOnFlagUntilTimeout
 .text.UART_EndRxTransfer
                0x00000000080090ea       0x40 Drivers/STM32F7xx_HAL_Driver/Src/stm32f7xx_hal_uart.o
 .text.UART_DMAAbortOnError
                0x000000000800912a       0x2c Drivers/STM32F7xx_HAL_Driver/Src/stm32f7xx_hal_uart.o
 .text.UART_EndTransmit_IT
                0x0000000008009156       0x32 Drivers/STM32F7xx_HAL_Driver/Src/stm32f7xx_hal_uart.o
 .text.UART_RxISR_8BIT
                0x0000000008009188       0xa6 Drivers/STM32F7xx_HAL_Driver/Src/stm32f7xx_hal_uart.o
 .text.UART_RxISR_16BIT
                0x000000000800922e       0xa6 Drivers/STM32F7xx_HAL_Driver/Src/stm32f7xx_hal_uart.o
 .text.__errno  0x00000000080092d4        0xc /Applications/STM32CubeIDE.app/Contents/Eclipse/plugins/com.st.stm32cube.ide.mcu.externaltools.gnu-tools-for-stm32.7-2018-q2-update.macos64_1.0.0.201904181610/tools/bin/../lib/gcc/arm-none-eabi/7.3.1/../../../../arm-none-eabi/lib/thumb/v7e-m/fpv5/hard/libc_nano.a(lib_a-errno.o)
                0x00000000080092d4                __errno
 .text.__libc_init_array
                0x00000000080092e0       0x48 /Applications/STM32CubeIDE.app/Contents/Eclipse/plugins/com.st.stm32cube.ide.mcu.externaltools.gnu-tools-for-stm32.7-2018-q2-update.macos64_1.0.0.201904181610/tools/bin/../lib/gcc/arm-none-eabi/7.3.1/../../../../arm-none-eabi/lib/thumb/v7e-m/fpv5/hard/libc_nano.a(lib_a-init.o)
                0x00000000080092e0                __libc_init_array
 .text.memcpy   0x0000000008009328       0x16 /Applications/STM32CubeIDE.app/Contents/Eclipse/plugins/com.st.stm32cube.ide.mcu.externaltools.gnu-tools-for-stm32.7-2018-q2-update.macos64_1.0.0.201904181610/tools/bin/../lib/gcc/arm-none-eabi/7.3.1/../../../../arm-none-eabi/lib/thumb/v7e-m/fpv5/hard/libc_nano.a(lib_a-memcpy-stub.o)
                0x0000000008009328                memcpy
 .text.memset   0x000000000800933e       0x10 /Applications/STM32CubeIDE.app/Contents/Eclipse/plugins/com.st.stm32cube.ide.mcu.externaltools.gnu-tools-for-stm32.7-2018-q2-update.macos64_1.0.0.201904181610/tools/bin/../lib/gcc/arm-none-eabi/7.3.1/../../../../arm-none-eabi/lib/thumb/v7e-m/fpv5/hard/libc_nano.a(lib_a-memset.o)
                0x000000000800933e                memset
 .text.__cvt    0x000000000800934e       0xa4 /Applications/STM32CubeIDE.app/Contents/Eclipse/plugins/com.st.stm32cube.ide.mcu.externaltools.gnu-tools-for-stm32.7-2018-q2-update.macos64_1.0.0.201904181610/tools/bin/../lib/gcc/arm-none-eabi/7.3.1/../../../../arm-none-eabi/lib/thumb/v7e-m/fpv5/hard/libc_nano.a(lib_a-nano-vfprintf_float.o)
                0x000000000800934e                __cvt
 .text.__exponent
                0x00000000080093f2       0x66 /Applications/STM32CubeIDE.app/Contents/Eclipse/plugins/com.st.stm32cube.ide.mcu.externaltools.gnu-tools-for-stm32.7-2018-q2-update.macos64_1.0.0.201904181610/tools/bin/../lib/gcc/arm-none-eabi/7.3.1/../../../../arm-none-eabi/lib/thumb/v7e-m/fpv5/hard/libc_nano.a(lib_a-nano-vfprintf_float.o)
                0x00000000080093f2                __exponent
 .text._printf_float
                0x0000000008009458      0x458 /Applications/STM32CubeIDE.app/Contents/Eclipse/plugins/com.st.stm32cube.ide.mcu.externaltools.gnu-tools-for-stm32.7-2018-q2-update.macos64_1.0.0.201904181610/tools/bin/../lib/gcc/arm-none-eabi/7.3.1/../../../../arm-none-eabi/lib/thumb/v7e-m/fpv5/hard/libc_nano.a(lib_a-nano-vfprintf_float.o)
                0x0000000008009458                _printf_float
 .text._printf_common
                0x00000000080098b0       0xea /Applications/STM32CubeIDE.app/Contents/Eclipse/plugins/com.st.stm32cube.ide.mcu.externaltools.gnu-tools-for-stm32.7-2018-q2-update.macos64_1.0.0.201904181610/tools/bin/../lib/gcc/arm-none-eabi/7.3.1/../../../../arm-none-eabi/lib/thumb/v7e-m/fpv5/hard/libc_nano.a(lib_a-nano-vfprintf_i.o)
                0x00000000080098b0                _printf_common
 *fill*         0x000000000800999a        0x2 
 .text._printf_i
                0x000000000800999c      0x224 /Applications/STM32CubeIDE.app/Contents/Eclipse/plugins/com.st.stm32cube.ide.mcu.externaltools.gnu-tools-for-stm32.7-2018-q2-update.macos64_1.0.0.201904181610/tools/bin/../lib/gcc/arm-none-eabi/7.3.1/../../../../arm-none-eabi/lib/thumb/v7e-m/fpv5/hard/libc_nano.a(lib_a-nano-vfprintf_i.o)
                0x000000000800999c                _printf_i
 .text._scanf_float
                0x0000000008009bc0      0x3b0 /Applications/STM32CubeIDE.app/Contents/Eclipse/plugins/com.st.stm32cube.ide.mcu.externaltools.gnu-tools-for-stm32.7-2018-q2-update.macos64_1.0.0.201904181610/tools/bin/../lib/gcc/arm-none-eabi/7.3.1/../../../../arm-none-eabi/lib/thumb/v7e-m/fpv5/hard/libc_nano.a(lib_a-nano-vfscanf_float.o)
                0x0000000008009bc0                _scanf_float
 .text.nanf     0x0000000008009f70        0xc /Applications/STM32CubeIDE.app/Contents/Eclipse/plugins/com.st.stm32cube.ide.mcu.externaltools.gnu-tools-for-stm32.7-2018-q2-update.macos64_1.0.0.201904181610/tools/bin/../lib/gcc/arm-none-eabi/7.3.1/../../../../arm-none-eabi/lib/thumb/v7e-m/fpv5/hard/libc_nano.a(lib_a-sf_nan.o)
                0x0000000008009f70                nanf
 .text.sprintf  0x0000000008009f7c       0x40 /Applications/STM32CubeIDE.app/Contents/Eclipse/plugins/com.st.stm32cube.ide.mcu.externaltools.gnu-tools-for-stm32.7-2018-q2-update.macos64_1.0.0.201904181610/tools/bin/../lib/gcc/arm-none-eabi/7.3.1/../../../../arm-none-eabi/lib/thumb/v7e-m/fpv5/hard/libc_nano.a(lib_a-sprintf.o)
                0x0000000008009f7c                sprintf
                0x0000000008009f7c                siprintf
 .text.sscanf   0x0000000008009fbc       0x54 /Applications/STM32CubeIDE.app/Contents/Eclipse/plugins/com.st.stm32cube.ide.mcu.externaltools.gnu-tools-for-stm32.7-2018-q2-update.macos64_1.0.0.201904181610/tools/bin/../lib/gcc/arm-none-eabi/7.3.1/../../../../arm-none-eabi/lib/thumb/v7e-m/fpv5/hard/libc_nano.a(lib_a-sscanf.o)
                0x0000000008009fbc                sscanf
                0x0000000008009fbc                siscanf
 .text.__seofread
                0x000000000800a010        0x4 /Applications/STM32CubeIDE.app/Contents/Eclipse/plugins/com.st.stm32cube.ide.mcu.externaltools.gnu-tools-for-stm32.7-2018-q2-update.macos64_1.0.0.201904181610/tools/bin/../lib/gcc/arm-none-eabi/7.3.1/../../../../arm-none-eabi/lib/thumb/v7e-m/fpv5/hard/libc_nano.a(lib_a-stdio.o)
                0x000000000800a010                __seofread
 .text.strstr   0x000000000800a014       0x34 /Applications/STM32CubeIDE.app/Contents/Eclipse/plugins/com.st.stm32cube.ide.mcu.externaltools.gnu-tools-for-stm32.7-2018-q2-update.macos64_1.0.0.201904181610/tools/bin/../lib/gcc/arm-none-eabi/7.3.1/../../../../arm-none-eabi/lib/thumb/v7e-m/fpv5/hard/libc_nano.a(lib_a-strstr.o)
                0x000000000800a014                strstr
 .text.unlikely.sulp
                0x000000000800a048       0x34 /Applications/STM32CubeIDE.app/Contents/Eclipse/plugins/com.st.stm32cube.ide.mcu.externaltools.gnu-tools-for-stm32.7-2018-q2-update.macos64_1.0.0.201904181610/tools/bin/../lib/gcc/arm-none-eabi/7.3.1/../../../../arm-none-eabi/lib/thumb/v7e-m/fpv5/hard/libc_nano.a(lib_a-strtod.o)
 *fill*         0x000000000800a07c        0x4 
 .text._strtod_l
                0x000000000800a080      0xb90 /Applications/STM32CubeIDE.app/Contents/Eclipse/plugins/com.st.stm32cube.ide.mcu.externaltools.gnu-tools-for-stm32.7-2018-q2-update.macos64_1.0.0.201904181610/tools/bin/../lib/gcc/arm-none-eabi/7.3.1/../../../../arm-none-eabi/lib/thumb/v7e-m/fpv5/hard/libc_nano.a(lib_a-strtod.o)
                0x000000000800a080                _strtod_l
 .text._strtod_r
                0x000000000800ac10       0x20 /Applications/STM32CubeIDE.app/Contents/Eclipse/plugins/com.st.stm32cube.ide.mcu.externaltools.gnu-tools-for-stm32.7-2018-q2-update.macos64_1.0.0.201904181610/tools/bin/../lib/gcc/arm-none-eabi/7.3.1/../../../../arm-none-eabi/lib/thumb/v7e-m/fpv5/hard/libc_nano.a(lib_a-strtod.o)
                0x000000000800ac10                _strtod_r
 .text._strtol_l.isra.0
                0x000000000800ac30       0xf6 /Applications/STM32CubeIDE.app/Contents/Eclipse/plugins/com.st.stm32cube.ide.mcu.externaltools.gnu-tools-for-stm32.7-2018-q2-update.macos64_1.0.0.201904181610/tools/bin/../lib/gcc/arm-none-eabi/7.3.1/../../../../arm-none-eabi/lib/thumb/v7e-m/fpv5/hard/libc_nano.a(lib_a-strtol.o)
 *fill*         0x000000000800ad26        0x2 
 .text._strtol_r
                0x000000000800ad28       0x24 /Applications/STM32CubeIDE.app/Contents/Eclipse/plugins/com.st.stm32cube.ide.mcu.externaltools.gnu-tools-for-stm32.7-2018-q2-update.macos64_1.0.0.201904181610/tools/bin/../lib/gcc/arm-none-eabi/7.3.1/../../../../arm-none-eabi/lib/thumb/v7e-m/fpv5/hard/libc_nano.a(lib_a-strtol.o)
                0x000000000800ad28                _strtol_r
 .text.quorem   0x000000000800ad4c      0x118 /Applications/STM32CubeIDE.app/Contents/Eclipse/plugins/com.st.stm32cube.ide.mcu.externaltools.gnu-tools-for-stm32.7-2018-q2-update.macos64_1.0.0.201904181610/tools/bin/../lib/gcc/arm-none-eabi/7.3.1/../../../../arm-none-eabi/lib/thumb/v7e-m/fpv5/hard/libc_nano.a(lib_a-dtoa.o)
 *fill*         0x000000000800ae64        0x4 
 .text._dtoa_r  0x000000000800ae68      0xa98 /Applications/STM32CubeIDE.app/Contents/Eclipse/plugins/com.st.stm32cube.ide.mcu.externaltools.gnu-tools-for-stm32.7-2018-q2-update.macos64_1.0.0.201904181610/tools/bin/../lib/gcc/arm-none-eabi/7.3.1/../../../../arm-none-eabi/lib/thumb/v7e-m/fpv5/hard/libc_nano.a(lib_a-dtoa.o)
                0x000000000800ae68                _dtoa_r
 .text.rshift   0x000000000800b900       0x74 /Applications/STM32CubeIDE.app/Contents/Eclipse/plugins/com.st.stm32cube.ide.mcu.externaltools.gnu-tools-for-stm32.7-2018-q2-update.macos64_1.0.0.201904181610/tools/bin/../lib/gcc/arm-none-eabi/7.3.1/../../../../arm-none-eabi/lib/thumb/v7e-m/fpv5/hard/libc_nano.a(lib_a-gdtoa-gethex.o)
 .text.__hexdig_fun
                0x000000000800b974       0x2a /Applications/STM32CubeIDE.app/Contents/Eclipse/plugins/com.st.stm32cube.ide.mcu.externaltools.gnu-tools-for-stm32.7-2018-q2-update.macos64_1.0.0.201904181610/tools/bin/../lib/gcc/arm-none-eabi/7.3.1/../../../../arm-none-eabi/lib/thumb/v7e-m/fpv5/hard/libc_nano.a(lib_a-gdtoa-gethex.o)
                0x000000000800b974                __hexdig_fun
 .text.__gethex
                0x000000000800b99e      0x442 /Applications/STM32CubeIDE.app/Contents/Eclipse/plugins/com.st.stm32cube.ide.mcu.externaltools.gnu-tools-for-stm32.7-2018-q2-update.macos64_1.0.0.201904181610/tools/bin/../lib/gcc/arm-none-eabi/7.3.1/../../../../arm-none-eabi/lib/thumb/v7e-m/fpv5/hard/libc_nano.a(lib_a-gdtoa-gethex.o)
                0x000000000800b99e                __gethex
 .text.L_shift  0x000000000800bde0       0x24 /Applications/STM32CubeIDE.app/Contents/Eclipse/plugins/com.st.stm32cube.ide.mcu.externaltools.gnu-tools-for-stm32.7-2018-q2-update.macos64_1.0.0.201904181610/tools/bin/../lib/gcc/arm-none-eabi/7.3.1/../../../../arm-none-eabi/lib/thumb/v7e-m/fpv5/hard/libc_nano.a(lib_a-gdtoa-hexnan.o)
 .text.__match  0x000000000800be04       0x28 /Applications/STM32CubeIDE.app/Contents/Eclipse/plugins/com.st.stm32cube.ide.mcu.externaltools.gnu-tools-for-stm32.7-2018-q2-update.macos64_1.0.0.201904181610/tools/bin/../lib/gcc/arm-none-eabi/7.3.1/../../../../arm-none-eabi/lib/thumb/v7e-m/fpv5/hard/libc_nano.a(lib_a-gdtoa-hexnan.o)
                0x000000000800be04                __match
 .text.__hexnan
                0x000000000800be2c      0x120 /Applications/STM32CubeIDE.app/Contents/Eclipse/plugins/com.st.stm32cube.ide.mcu.externaltools.gnu-tools-for-stm32.7-2018-q2-update.macos64_1.0.0.201904181610/tools/bin/../lib/gcc/arm-none-eabi/7.3.1/../../../../arm-none-eabi/lib/thumb/v7e-m/fpv5/hard/libc_nano.a(lib_a-gdtoa-hexnan.o)
                0x000000000800be2c                __hexnan
 .text.__locale_ctype_ptr_l
                0x000000000800bf4c        0x6 /Applications/STM32CubeIDE.app/Contents/Eclipse/plugins/com.st.stm32cube.ide.mcu.externaltools.gnu-tools-for-stm32.7-2018-q2-update.macos64_1.0.0.201904181610/tools/bin/../lib/gcc/arm-none-eabi/7.3.1/../../../../arm-none-eabi/lib/thumb/v7e-m/fpv5/hard/libc_nano.a(lib_a-locale.o)
                0x000000000800bf4c                __locale_ctype_ptr_l
 *fill*         0x000000000800bf52        0x2 
 .text.__locale_ctype_ptr
                0x000000000800bf54       0x1c /Applications/STM32CubeIDE.app/Contents/Eclipse/plugins/com.st.stm32cube.ide.mcu.externaltools.gnu-tools-for-stm32.7-2018-q2-update.macos64_1.0.0.201904181610/tools/bin/../lib/gcc/arm-none-eabi/7.3.1/../../../../arm-none-eabi/lib/thumb/v7e-m/fpv5/hard/libc_nano.a(lib_a-locale.o)
                0x000000000800bf54                __locale_ctype_ptr
 .text.__localeconv_l
                0x000000000800bf70        0x4 /Applications/STM32CubeIDE.app/Contents/Eclipse/plugins/com.st.stm32cube.ide.mcu.externaltools.gnu-tools-for-stm32.7-2018-q2-update.macos64_1.0.0.201904181610/tools/bin/../lib/gcc/arm-none-eabi/7.3.1/../../../../arm-none-eabi/lib/thumb/v7e-m/fpv5/hard/libc_nano.a(lib_a-localeconv.o)
                0x000000000800bf70                __localeconv_l
 .text._localeconv_r
                0x000000000800bf74       0x1c /Applications/STM32CubeIDE.app/Contents/Eclipse/plugins/com.st.stm32cube.ide.mcu.externaltools.gnu-tools-for-stm32.7-2018-q2-update.macos64_1.0.0.201904181610/tools/bin/../lib/gcc/arm-none-eabi/7.3.1/../../../../arm-none-eabi/lib/thumb/v7e-m/fpv5/hard/libc_nano.a(lib_a-localeconv.o)
                0x000000000800bf74                _localeconv_r
 .text.malloc   0x000000000800bf90       0x10 /Applications/STM32CubeIDE.app/Contents/Eclipse/plugins/com.st.stm32cube.ide.mcu.externaltools.gnu-tools-for-stm32.7-2018-q2-update.macos64_1.0.0.201904181610/tools/bin/../lib/gcc/arm-none-eabi/7.3.1/../../../../arm-none-eabi/lib/thumb/v7e-m/fpv5/hard/libc_nano.a(lib_a-malloc.o)
                0x000000000800bf90                malloc
 .text.__ascii_mbtowc
                0x000000000800bfa0       0x24 /Applications/STM32CubeIDE.app/Contents/Eclipse/plugins/com.st.stm32cube.ide.mcu.externaltools.gnu-tools-for-stm32.7-2018-q2-update.macos64_1.0.0.201904181610/tools/bin/../lib/gcc/arm-none-eabi/7.3.1/../../../../arm-none-eabi/lib/thumb/v7e-m/fpv5/hard/libc_nano.a(lib_a-mbtowc_r.o)
                0x000000000800bfa0                __ascii_mbtowc
 .text._Balloc  0x000000000800bfc4       0x68 /Applications/STM32CubeIDE.app/Contents/Eclipse/plugins/com.st.stm32cube.ide.mcu.externaltools.gnu-tools-for-stm32.7-2018-q2-update.macos64_1.0.0.201904181610/tools/bin/../lib/gcc/arm-none-eabi/7.3.1/../../../../arm-none-eabi/lib/thumb/v7e-m/fpv5/hard/libc_nano.a(lib_a-mprec.o)
                0x000000000800bfc4                _Balloc
 .text._Bfree   0x000000000800c02c       0x2e /Applications/STM32CubeIDE.app/Contents/Eclipse/plugins/com.st.stm32cube.ide.mcu.externaltools.gnu-tools-for-stm32.7-2018-q2-update.macos64_1.0.0.201904181610/tools/bin/../lib/gcc/arm-none-eabi/7.3.1/../../../../arm-none-eabi/lib/thumb/v7e-m/fpv5/hard/libc_nano.a(lib_a-mprec.o)
                0x000000000800c02c                _Bfree
 .text.__multadd
                0x000000000800c05a       0x76 /Applications/STM32CubeIDE.app/Contents/Eclipse/plugins/com.st.stm32cube.ide.mcu.externaltools.gnu-tools-for-stm32.7-2018-q2-update.macos64_1.0.0.201904181610/tools/bin/../lib/gcc/arm-none-eabi/7.3.1/../../../../arm-none-eabi/lib/thumb/v7e-m/fpv5/hard/libc_nano.a(lib_a-mprec.o)
                0x000000000800c05a                __multadd
 .text.__s2b    0x000000000800c0d0       0x7c /Applications/STM32CubeIDE.app/Contents/Eclipse/plugins/com.st.stm32cube.ide.mcu.externaltools.gnu-tools-for-stm32.7-2018-q2-update.macos64_1.0.0.201904181610/tools/bin/../lib/gcc/arm-none-eabi/7.3.1/../../../../arm-none-eabi/lib/thumb/v7e-m/fpv5/hard/libc_nano.a(lib_a-mprec.o)
                0x000000000800c0d0                __s2b
 .text.__hi0bits
                0x000000000800c14c       0x3e /Applications/STM32CubeIDE.app/Contents/Eclipse/plugins/com.st.stm32cube.ide.mcu.externaltools.gnu-tools-for-stm32.7-2018-q2-update.macos64_1.0.0.201904181610/tools/bin/../lib/gcc/arm-none-eabi/7.3.1/../../../../arm-none-eabi/lib/thumb/v7e-m/fpv5/hard/libc_nano.a(lib_a-mprec.o)
                0x000000000800c14c                __hi0bits
 .text.__lo0bits
                0x000000000800c18a       0x5e /Applications/STM32CubeIDE.app/Contents/Eclipse/plugins/com.st.stm32cube.ide.mcu.externaltools.gnu-tools-for-stm32.7-2018-q2-update.macos64_1.0.0.201904181610/tools/bin/../lib/gcc/arm-none-eabi/7.3.1/../../../../arm-none-eabi/lib/thumb/v7e-m/fpv5/hard/libc_nano.a(lib_a-mprec.o)
                0x000000000800c18a                __lo0bits
 .text.__i2b    0x000000000800c1e8       0x12 /Applications/STM32CubeIDE.app/Contents/Eclipse/plugins/com.st.stm32cube.ide.mcu.externaltools.gnu-tools-for-stm32.7-2018-q2-update.macos64_1.0.0.201904181610/tools/bin/../lib/gcc/arm-none-eabi/7.3.1/../../../../arm-none-eabi/lib/thumb/v7e-m/fpv5/hard/libc_nano.a(lib_a-mprec.o)
                0x000000000800c1e8                __i2b
 .text.__multiply
                0x000000000800c1fa      0x12c /Applications/STM32CubeIDE.app/Contents/Eclipse/plugins/com.st.stm32cube.ide.mcu.externaltools.gnu-tools-for-stm32.7-2018-q2-update.macos64_1.0.0.201904181610/tools/bin/../lib/gcc/arm-none-eabi/7.3.1/../../../../arm-none-eabi/lib/thumb/v7e-m/fpv5/hard/libc_nano.a(lib_a-mprec.o)
                0x000000000800c1fa                __multiply
 *fill*         0x000000000800c326        0x2 
 .text.__pow5mult
                0x000000000800c328       0x9c /Applications/STM32CubeIDE.app/Contents/Eclipse/plugins/com.st.stm32cube.ide.mcu.externaltools.gnu-tools-for-stm32.7-2018-q2-update.macos64_1.0.0.201904181610/tools/bin/../lib/gcc/arm-none-eabi/7.3.1/../../../../arm-none-eabi/lib/thumb/v7e-m/fpv5/hard/libc_nano.a(lib_a-mprec.o)
                0x000000000800c328                __pow5mult
 .text.__lshift
                0x000000000800c3c4       0xa8 /Applications/STM32CubeIDE.app/Contents/Eclipse/plugins/com.st.stm32cube.ide.mcu.externaltools.gnu-tools-for-stm32.7-2018-q2-update.macos64_1.0.0.201904181610/tools/bin/../lib/gcc/arm-none-eabi/7.3.1/../../../../arm-none-eabi/lib/thumb/v7e-m/fpv5/hard/libc_nano.a(lib_a-mprec.o)
                0x000000000800c3c4                __lshift
 .text.__mcmp   0x000000000800c46c       0x34 /Applications/STM32CubeIDE.app/Contents/Eclipse/plugins/com.st.stm32cube.ide.mcu.externaltools.gnu-tools-for-stm32.7-2018-q2-update.macos64_1.0.0.201904181610/tools/bin/../lib/gcc/arm-none-eabi/7.3.1/../../../../arm-none-eabi/lib/thumb/v7e-m/fpv5/hard/libc_nano.a(lib_a-mprec.o)
                0x000000000800c46c                __mcmp
 .text.__mdiff  0x000000000800c4a0       0xba /Applications/STM32CubeIDE.app/Contents/Eclipse/plugins/com.st.stm32cube.ide.mcu.externaltools.gnu-tools-for-stm32.7-2018-q2-update.macos64_1.0.0.201904181610/tools/bin/../lib/gcc/arm-none-eabi/7.3.1/../../../../arm-none-eabi/lib/thumb/v7e-m/fpv5/hard/libc_nano.a(lib_a-mprec.o)
                0x000000000800c4a0                __mdiff
 *fill*         0x000000000800c55a        0x2 
 .text.__ulp    0x000000000800c55c       0x50 /Applications/STM32CubeIDE.app/Contents/Eclipse/plugins/com.st.stm32cube.ide.mcu.externaltools.gnu-tools-for-stm32.7-2018-q2-update.macos64_1.0.0.201904181610/tools/bin/../lib/gcc/arm-none-eabi/7.3.1/../../../../arm-none-eabi/lib/thumb/v7e-m/fpv5/hard/libc_nano.a(lib_a-mprec.o)
                0x000000000800c55c                __ulp
 .text.__b2d    0x000000000800c5ac       0x9c /Applications/STM32CubeIDE.app/Contents/Eclipse/plugins/com.st.stm32cube.ide.mcu.externaltools.gnu-tools-for-stm32.7-2018-q2-update.macos64_1.0.0.201904181610/tools/bin/../lib/gcc/arm-none-eabi/7.3.1/../../../../arm-none-eabi/lib/thumb/v7e-m/fpv5/hard/libc_nano.a(lib_a-mprec.o)
                0x000000000800c5ac                __b2d
 .text.__d2b    0x000000000800c648       0x9e /Applications/STM32CubeIDE.app/Contents/Eclipse/plugins/com.st.stm32cube.ide.mcu.externaltools.gnu-tools-for-stm32.7-2018-q2-update.macos64_1.0.0.201904181610/tools/bin/../lib/gcc/arm-none-eabi/7.3.1/../../../../arm-none-eabi/lib/thumb/v7e-m/fpv5/hard/libc_nano.a(lib_a-mprec.o)
                0x000000000800c648                __d2b
 .text.__ratio  0x000000000800c6e6       0x68 /Applications/STM32CubeIDE.app/Contents/Eclipse/plugins/com.st.stm32cube.ide.mcu.externaltools.gnu-tools-for-stm32.7-2018-q2-update.macos64_1.0.0.201904181610/tools/bin/../lib/gcc/arm-none-eabi/7.3.1/../../../../arm-none-eabi/lib/thumb/v7e-m/fpv5/hard/libc_nano.a(lib_a-mprec.o)
                0x000000000800c6e6                __ratio
 .text.__copybits
                0x000000000800c74e       0x34 /Applications/STM32CubeIDE.app/Contents/Eclipse/plugins/com.st.stm32cube.ide.mcu.externaltools.gnu-tools-for-stm32.7-2018-q2-update.macos64_1.0.0.201904181610/tools/bin/../lib/gcc/arm-none-eabi/7.3.1/../../../../arm-none-eabi/lib/thumb/v7e-m/fpv5/hard/libc_nano.a(lib_a-mprec.o)
                0x000000000800c74e                __copybits
 .text.__any_on
                0x000000000800c782       0x42 /Applications/STM32CubeIDE.app/Contents/Eclipse/plugins/com.st.stm32cube.ide.mcu.externaltools.gnu-tools-for-stm32.7-2018-q2-update.macos64_1.0.0.201904181610/tools/bin/../lib/gcc/arm-none-eabi/7.3.1/../../../../arm-none-eabi/lib/thumb/v7e-m/fpv5/hard/libc_nano.a(lib_a-mprec.o)
                0x000000000800c782                __any_on
 .text._calloc_r
                0x000000000800c7c4       0x1c /Applications/STM32CubeIDE.app/Contents/Eclipse/plugins/com.st.stm32cube.ide.mcu.externaltools.gnu-tools-for-stm32.7-2018-q2-update.macos64_1.0.0.201904181610/tools/bin/../lib/gcc/arm-none-eabi/7.3.1/../../../../arm-none-eabi/lib/thumb/v7e-m/fpv5/hard/libc_nano.a(lib_a-nano-callocr.o)
                0x000000000800c7c4                _calloc_r
 .text._free_r  0x000000000800c7e0       0x9c /Applications/STM32CubeIDE.app/Contents/Eclipse/plugins/com.st.stm32cube.ide.mcu.externaltools.gnu-tools-for-stm32.7-2018-q2-update.macos64_1.0.0.201904181610/tools/bin/../lib/gcc/arm-none-eabi/7.3.1/../../../../arm-none-eabi/lib/thumb/v7e-m/fpv5/hard/libc_nano.a(lib_a-nano-freer.o)
                0x000000000800c7e0                _free_r
 .text._malloc_r
                0x000000000800c87c       0xb4 /Applications/STM32CubeIDE.app/Contents/Eclipse/plugins/com.st.stm32cube.ide.mcu.externaltools.gnu-tools-for-stm32.7-2018-q2-update.macos64_1.0.0.201904181610/tools/bin/../lib/gcc/arm-none-eabi/7.3.1/../../../../arm-none-eabi/lib/thumb/v7e-m/fpv5/hard/libc_nano.a(lib_a-nano-mallocr.o)
                0x000000000800c87c                _malloc_r
 .text.__ssputs_r
                0x000000000800c930       0xb4 /Applications/STM32CubeIDE.app/Contents/Eclipse/plugins/com.st.stm32cube.ide.mcu.externaltools.gnu-tools-for-stm32.7-2018-q2-update.macos64_1.0.0.201904181610/tools/bin/../lib/gcc/arm-none-eabi/7.3.1/../../../../arm-none-eabi/lib/thumb/v7e-m/fpv5/hard/libc_nano.a(lib_a-nano-svfprintf.o)
                0x000000000800c930                __ssputs_r
 .text._svfprintf_r
                0x000000000800c9e4      0x1f0 /Applications/STM32CubeIDE.app/Contents/Eclipse/plugins/com.st.stm32cube.ide.mcu.externaltools.gnu-tools-for-stm32.7-2018-q2-update.macos64_1.0.0.201904181610/tools/bin/../lib/gcc/arm-none-eabi/7.3.1/../../../../arm-none-eabi/lib/thumb/v7e-m/fpv5/hard/libc_nano.a(lib_a-nano-svfprintf.o)
                0x000000000800c9e4                _svfprintf_r
                0x000000000800c9e4                _svfiprintf_r
 .text._sungetc_r
                0x000000000800cbd4       0x7a /Applications/STM32CubeIDE.app/Contents/Eclipse/plugins/com.st.stm32cube.ide.mcu.externaltools.gnu-tools-for-stm32.7-2018-q2-update.macos64_1.0.0.201904181610/tools/bin/../lib/gcc/arm-none-eabi/7.3.1/../../../../arm-none-eabi/lib/thumb/v7e-m/fpv5/hard/libc_nano.a(lib_a-nano-svfscanf.o)
                0x000000000800cbd4                _sungetc_r
 .text.__ssrefill_r
                0x000000000800cc4e       0x3a /Applications/STM32CubeIDE.app/Contents/Eclipse/plugins/com.st.stm32cube.ide.mcu.externaltools.gnu-tools-for-stm32.7-2018-q2-update.macos64_1.0.0.201904181610/tools/bin/../lib/gcc/arm-none-eabi/7.3.1/../../../../arm-none-eabi/lib/thumb/v7e-m/fpv5/hard/libc_nano.a(lib_a-nano-svfscanf.o)
                0x000000000800cc4e                __ssrefill_r
 .text.__ssvfscanf_r
                0x000000000800cc88      0x2a0 /Applications/STM32CubeIDE.app/Contents/Eclipse/plugins/com.st.stm32cube.ide.mcu.externaltools.gnu-tools-for-stm32.7-2018-q2-update.macos64_1.0.0.201904181610/tools/bin/../lib/gcc/arm-none-eabi/7.3.1/../../../../arm-none-eabi/lib/thumb/v7e-m/fpv5/hard/libc_nano.a(lib_a-nano-svfscanf.o)
                0x000000000800cc88                __ssvfscanf_r
                0x000000000800cc88                __ssvfiscanf_r
 .text._scanf_chars
                0x000000000800cf28       0xc6 /Applications/STM32CubeIDE.app/Contents/Eclipse/plugins/com.st.stm32cube.ide.mcu.externaltools.gnu-tools-for-stm32.7-2018-q2-update.macos64_1.0.0.201904181610/tools/bin/../lib/gcc/arm-none-eabi/7.3.1/../../../../arm-none-eabi/lib/thumb/v7e-m/fpv5/hard/libc_nano.a(lib_a-nano-vfscanf_i.o)
                0x000000000800cf28                _scanf_chars
 *fill*         0x000000000800cfee        0x2 
 .text._scanf_i
                0x000000000800cff0      0x1e8 /Applications/STM32CubeIDE.app/Contents/Eclipse/plugins/com.st.stm32cube.ide.mcu.externaltools.gnu-tools-for-stm32.7-2018-q2-update.macos64_1.0.0.201904181610/tools/bin/../lib/gcc/arm-none-eabi/7.3.1/../../../../arm-none-eabi/lib/thumb/v7e-m/fpv5/hard/libc_nano.a(lib_a-nano-vfscanf_i.o)
                0x000000000800cff0                _scanf_i
 .text._sbrk_r  0x000000000800d1d8       0x20 /Applications/STM32CubeIDE.app/Contents/Eclipse/plugins/com.st.stm32cube.ide.mcu.externaltools.gnu-tools-for-stm32.7-2018-q2-update.macos64_1.0.0.201904181610/tools/bin/../lib/gcc/arm-none-eabi/7.3.1/../../../../arm-none-eabi/lib/thumb/v7e-m/fpv5/hard/libc_nano.a(lib_a-sbrkr.o)
                0x000000000800d1d8                _sbrk_r
 .text.__sccl   0x000000000800d1f8       0x64 /Applications/STM32CubeIDE.app/Contents/Eclipse/plugins/com.st.stm32cube.ide.mcu.externaltools.gnu-tools-for-stm32.7-2018-q2-update.macos64_1.0.0.201904181610/tools/bin/../lib/gcc/arm-none-eabi/7.3.1/../../../../arm-none-eabi/lib/thumb/v7e-m/fpv5/hard/libc_nano.a(lib_a-sccl.o)
                0x000000000800d1f8                __sccl
 .text.strncmp  0x000000000800d25c       0x24 /Applications/STM32CubeIDE.app/Contents/Eclipse/plugins/com.st.stm32cube.ide.mcu.externaltools.gnu-tools-for-stm32.7-2018-q2-update.macos64_1.0.0.201904181610/tools/bin/../lib/gcc/arm-none-eabi/7.3.1/../../../../arm-none-eabi/lib/thumb/v7e-m/fpv5/hard/libc_nano.a(lib_a-strncmp.o)
                0x000000000800d25c                strncmp
 .text._strtoul_l.isra.0
                0x000000000800d280       0xf4 /Applications/STM32CubeIDE.app/Contents/Eclipse/plugins/com.st.stm32cube.ide.mcu.externaltools.gnu-tools-for-stm32.7-2018-q2-update.macos64_1.0.0.201904181610/tools/bin/../lib/gcc/arm-none-eabi/7.3.1/../../../../arm-none-eabi/lib/thumb/v7e-m/fpv5/hard/libc_nano.a(lib_a-strtoul.o)
 .text._strtoul_r
                0x000000000800d374       0x24 /Applications/STM32CubeIDE.app/Contents/Eclipse/plugins/com.st.stm32cube.ide.mcu.externaltools.gnu-tools-for-stm32.7-2018-q2-update.macos64_1.0.0.201904181610/tools/bin/../lib/gcc/arm-none-eabi/7.3.1/../../../../arm-none-eabi/lib/thumb/v7e-m/fpv5/hard/libc_nano.a(lib_a-strtoul.o)
                0x000000000800d374                _strtoul_r
 .text.__submore
                0x000000000800d398       0x74 /Applications/STM32CubeIDE.app/Contents/Eclipse/plugins/com.st.stm32cube.ide.mcu.externaltools.gnu-tools-for-stm32.7-2018-q2-update.macos64_1.0.0.201904181610/tools/bin/../lib/gcc/arm-none-eabi/7.3.1/../../../../arm-none-eabi/lib/thumb/v7e-m/fpv5/hard/libc_nano.a(lib_a-ungetc.o)
                0x000000000800d398                __submore
 .text.__ascii_wctomb
                0x000000000800d40c       0x1a /Applications/STM32CubeIDE.app/Contents/Eclipse/plugins/com.st.stm32cube.ide.mcu.externaltools.gnu-tools-for-stm32.7-2018-q2-update.macos64_1.0.0.201904181610/tools/bin/../lib/gcc/arm-none-eabi/7.3.1/../../../../arm-none-eabi/lib/thumb/v7e-m/fpv5/hard/libc_nano.a(lib_a-wctomb_r.o)
                0x000000000800d40c                __ascii_wctomb
 .text.memmove  0x000000000800d426       0x32 /Applications/STM32CubeIDE.app/Contents/Eclipse/plugins/com.st.stm32cube.ide.mcu.externaltools.gnu-tools-for-stm32.7-2018-q2-update.macos64_1.0.0.201904181610/tools/bin/../lib/gcc/arm-none-eabi/7.3.1/../../../../arm-none-eabi/lib/thumb/v7e-m/fpv5/hard/libc_nano.a(lib_a-memmove.o)
                0x000000000800d426                memmove
 .text.__malloc_lock
                0x000000000800d458        0x2 /Applications/STM32CubeIDE.app/Contents/Eclipse/plugins/com.st.stm32cube.ide.mcu.externaltools.gnu-tools-for-stm32.7-2018-q2-update.macos64_1.0.0.201904181610/tools/bin/../lib/gcc/arm-none-eabi/7.3.1/../../../../arm-none-eabi/lib/thumb/v7e-m/fpv5/hard/libc_nano.a(lib_a-mlock.o)
                0x000000000800d458                __malloc_lock
 .text.__malloc_unlock
                0x000000000800d45a        0x2 /Applications/STM32CubeIDE.app/Contents/Eclipse/plugins/com.st.stm32cube.ide.mcu.externaltools.gnu-tools-for-stm32.7-2018-q2-update.macos64_1.0.0.201904181610/tools/bin/../lib/gcc/arm-none-eabi/7.3.1/../../../../arm-none-eabi/lib/thumb/v7e-m/fpv5/hard/libc_nano.a(lib_a-mlock.o)
                0x000000000800d45a                __malloc_unlock
 .text._realloc_r
                0x000000000800d45c       0x4c /Applications/STM32CubeIDE.app/Contents/Eclipse/plugins/com.st.stm32cube.ide.mcu.externaltools.gnu-tools-for-stm32.7-2018-q2-update.macos64_1.0.0.201904181610/tools/bin/../lib/gcc/arm-none-eabi/7.3.1/../../../../arm-none-eabi/lib/thumb/v7e-m/fpv5/hard/libc_nano.a(lib_a-nano-reallocr.o)
                0x000000000800d45c                _realloc_r
 .text._malloc_usable_size_r
                0x000000000800d4a8       0x10 /Applications/STM32CubeIDE.app/Contents/Eclipse/plugins/com.st.stm32cube.ide.mcu.externaltools.gnu-tools-for-stm32.7-2018-q2-update.macos64_1.0.0.201904181610/tools/bin/../lib/gcc/arm-none-eabi/7.3.1/../../../../arm-none-eabi/lib/thumb/v7e-m/fpv5/hard/libc_nano.a(lib_a-nano-msizer.o)
                0x000000000800d4a8                _malloc_usable_size_r
 .text.atan     0x000000000800d4b8      0x1f4 /Applications/STM32CubeIDE.app/Contents/Eclipse/plugins/com.st.stm32cube.ide.mcu.externaltools.gnu-tools-for-stm32.7-2018-q2-update.macos64_1.0.0.201904181610/tools/bin/../lib/gcc/arm-none-eabi/7.3.1/../../../../arm-none-eabi/lib/thumb/v7e-m/fpv5/hard/libm.a(lib_a-s_atan.o)
                0x000000000800d4b8                atan
 .text.fabs     0x000000000800d6ac       0x12 /Applications/STM32CubeIDE.app/Contents/Eclipse/plugins/com.st.stm32cube.ide.mcu.externaltools.gnu-tools-for-stm32.7-2018-q2-update.macos64_1.0.0.201904181610/tools/bin/../lib/gcc/arm-none-eabi/7.3.1/../../../../arm-none-eabi/lib/thumb/v7e-m/fpv5/hard/libm.a(lib_a-s_fabs.o)
                0x000000000800d6ac                fabs
 *fill*         0x000000000800d6be        0x2 
 .text.fmod     0x000000000800d6c0       0xa8 /Applications/STM32CubeIDE.app/Contents/Eclipse/plugins/com.st.stm32cube.ide.mcu.externaltools.gnu-tools-for-stm32.7-2018-q2-update.macos64_1.0.0.201904181610/tools/bin/../lib/gcc/arm-none-eabi/7.3.1/../../../../arm-none-eabi/lib/thumb/v7e-m/fpv5/hard/libm.a(lib_a-w_fmod.o)
                0x000000000800d6c0                fmod
 .text.pow      0x000000000800d768      0x25c /Applications/STM32CubeIDE.app/Contents/Eclipse/plugins/com.st.stm32cube.ide.mcu.externaltools.gnu-tools-for-stm32.7-2018-q2-update.macos64_1.0.0.201904181610/tools/bin/../lib/gcc/arm-none-eabi/7.3.1/../../../../arm-none-eabi/lib/thumb/v7e-m/fpv5/hard/libm.a(lib_a-w_pow.o)
                0x000000000800d768                pow
 *fill*         0x000000000800d9c4        0x4 
 .text.sqrt     0x000000000800d9c8       0x98 /Applications/STM32CubeIDE.app/Contents/Eclipse/plugins/com.st.stm32cube.ide.mcu.externaltools.gnu-tools-for-stm32.7-2018-q2-update.macos64_1.0.0.201904181610/tools/bin/../lib/gcc/arm-none-eabi/7.3.1/../../../../arm-none-eabi/lib/thumb/v7e-m/fpv5/hard/libm.a(lib_a-w_sqrt.o)
                0x000000000800d9c8                sqrt
 .text.__ieee754_fmod
                0x000000000800da60      0x22c /Applications/STM32CubeIDE.app/Contents/Eclipse/plugins/com.st.stm32cube.ide.mcu.externaltools.gnu-tools-for-stm32.7-2018-q2-update.macos64_1.0.0.201904181610/tools/bin/../lib/gcc/arm-none-eabi/7.3.1/../../../../arm-none-eabi/lib/thumb/v7e-m/fpv5/hard/libm.a(lib_a-e_fmod.o)
                0x000000000800da60                __ieee754_fmod
 *fill*         0x000000000800dc8c        0x4 
 .text.__ieee754_pow
                0x000000000800dc90      0x70c /Applications/STM32CubeIDE.app/Contents/Eclipse/plugins/com.st.stm32cube.ide.mcu.externaltools.gnu-tools-for-stm32.7-2018-q2-update.macos64_1.0.0.201904181610/tools/bin/../lib/gcc/arm-none-eabi/7.3.1/../../../../arm-none-eabi/lib/thumb/v7e-m/fpv5/hard/libm.a(lib_a-e_pow.o)
                0x000000000800dc90                __ieee754_pow
 .text.__ieee754_sqrt
                0x000000000800e39c        0x6 /Applications/STM32CubeIDE.app/Contents/Eclipse/plugins/com.st.stm32cube.ide.mcu.externaltools.gnu-tools-for-stm32.7-2018-q2-update.macos64_1.0.0.201904181610/tools/bin/../lib/gcc/arm-none-eabi/7.3.1/../../../../arm-none-eabi/lib/thumb/v7e-m/fpv5/hard/libm.a(lib_a-e_sqrt.o)
                0x000000000800e39c                __ieee754_sqrt
 .text.finite   0x000000000800e3a2       0x10 /Applications/STM32CubeIDE.app/Contents/Eclipse/plugins/com.st.stm32cube.ide.mcu.externaltools.gnu-tools-for-stm32.7-2018-q2-update.macos64_1.0.0.201904181610/tools/bin/../lib/gcc/arm-none-eabi/7.3.1/../../../../arm-none-eabi/lib/thumb/v7e-m/fpv5/hard/libm.a(lib_a-s_finite.o)
                0x000000000800e3a2                finite
 .text.matherr  0x000000000800e3b2        0x4 /Applications/STM32CubeIDE.app/Contents/Eclipse/plugins/com.st.stm32cube.ide.mcu.externaltools.gnu-tools-for-stm32.7-2018-q2-update.macos64_1.0.0.201904181610/tools/bin/../lib/gcc/arm-none-eabi/7.3.1/../../../../arm-none-eabi/lib/thumb/v7e-m/fpv5/hard/libm.a(lib_a-s_matherr.o)
                0x000000000800e3b2                matherr
 *fill*         0x000000000800e3b6        0x2 
 .text.nan      0x000000000800e3b8       0x10 /Applications/STM32CubeIDE.app/Contents/Eclipse/plugins/com.st.stm32cube.ide.mcu.externaltools.gnu-tools-for-stm32.7-2018-q2-update.macos64_1.0.0.201904181610/tools/bin/../lib/gcc/arm-none-eabi/7.3.1/../../../../arm-none-eabi/lib/thumb/v7e-m/fpv5/hard/libm.a(lib_a-s_nan.o)
                0x000000000800e3b8                nan
 .text.rint     0x000000000800e3c8      0x114 /Applications/STM32CubeIDE.app/Contents/Eclipse/plugins/com.st.stm32cube.ide.mcu.externaltools.gnu-tools-for-stm32.7-2018-q2-update.macos64_1.0.0.201904181610/tools/bin/../lib/gcc/arm-none-eabi/7.3.1/../../../../arm-none-eabi/lib/thumb/v7e-m/fpv5/hard/libm.a(lib_a-s_rint.o)
                0x000000000800e3c8                rint
 *fill*         0x000000000800e4dc        0x4 
 .text.scalbn   0x000000000800e4e0       0xfc /Applications/STM32CubeIDE.app/Contents/Eclipse/plugins/com.st.stm32cube.ide.mcu.externaltools.gnu-tools-for-stm32.7-2018-q2-update.macos64_1.0.0.201904181610/tools/bin/../lib/gcc/arm-none-eabi/7.3.1/../../../../arm-none-eabi/lib/thumb/v7e-m/fpv5/hard/libm.a(lib_a-s_scalbn.o)
                0x000000000800e4e0                scalbn
 .text.copysign
                0x000000000800e5dc       0x1e /Applications/STM32CubeIDE.app/Contents/Eclipse/plugins/com.st.stm32cube.ide.mcu.externaltools.gnu-tools-for-stm32.7-2018-q2-update.macos64_1.0.0.201904181610/tools/bin/../lib/gcc/arm-none-eabi/7.3.1/../../../../arm-none-eabi/lib/thumb/v7e-m/fpv5/hard/libm.a(lib_a-s_copysign.o)
                0x000000000800e5dc                copysign
 *(.glue_7)
 .glue_7        0x000000000800e5fa        0x0 linker stubs
 *(.glue_7t)
 .glue_7t       0x000000000800e5fa        0x0 linker stubs
 *(.eh_frame)
 *fill*         0x000000000800e5fa        0x2 
 .eh_frame      0x000000000800e5fc        0x0 /Applications/STM32CubeIDE.app/Contents/Eclipse/plugins/com.st.stm32cube.ide.mcu.externaltools.gnu-tools-for-stm32.7-2018-q2-update.macos64_1.0.0.201904181610/tools/bin/../lib/gcc/arm-none-eabi/7.3.1/thumb/v7e-m/fpv5/hard/crtbegin.o
 *(.init)
 .init          0x000000000800e5fc        0x4 /Applications/STM32CubeIDE.app/Contents/Eclipse/plugins/com.st.stm32cube.ide.mcu.externaltools.gnu-tools-for-stm32.7-2018-q2-update.macos64_1.0.0.201904181610/tools/bin/../lib/gcc/arm-none-eabi/7.3.1/thumb/v7e-m/fpv5/hard/crti.o
                0x000000000800e5fc                _init
 .init          0x000000000800e600        0x8 /Applications/STM32CubeIDE.app/Contents/Eclipse/plugins/com.st.stm32cube.ide.mcu.externaltools.gnu-tools-for-stm32.7-2018-q2-update.macos64_1.0.0.201904181610/tools/bin/../lib/gcc/arm-none-eabi/7.3.1/thumb/v7e-m/fpv5/hard/crtn.o
 *(.fini)
 .fini          0x000000000800e608        0x4 /Applications/STM32CubeIDE.app/Contents/Eclipse/plugins/com.st.stm32cube.ide.mcu.externaltools.gnu-tools-for-stm32.7-2018-q2-update.macos64_1.0.0.201904181610/tools/bin/../lib/gcc/arm-none-eabi/7.3.1/thumb/v7e-m/fpv5/hard/crti.o
                0x000000000800e608                _fini
 .fini          0x000000000800e60c        0x8 /Applications/STM32CubeIDE.app/Contents/Eclipse/plugins/com.st.stm32cube.ide.mcu.externaltools.gnu-tools-for-stm32.7-2018-q2-update.macos64_1.0.0.201904181610/tools/bin/../lib/gcc/arm-none-eabi/7.3.1/thumb/v7e-m/fpv5/hard/crtn.o
                0x000000000800e614                . = ALIGN (0x4)
                0x000000000800e614                _etext = .

.vfp11_veneer   0x000000000800e614        0x0
 .vfp11_veneer  0x000000000800e614        0x0 linker stubs

.v4_bx          0x000000000800e614        0x0
 .v4_bx         0x000000000800e614        0x0 linker stubs

.iplt           0x000000000800e614        0x0
 .iplt          0x000000000800e614        0x0 /Applications/STM32CubeIDE.app/Contents/Eclipse/plugins/com.st.stm32cube.ide.mcu.externaltools.gnu-tools-for-stm32.7-2018-q2-update.macos64_1.0.0.201904181610/tools/bin/../lib/gcc/arm-none-eabi/7.3.1/thumb/v7e-m/fpv5/hard/crtbegin.o

.rodata         0x000000000800e618      0x5b0
                0x000000000800e618                . = ALIGN (0x4)
 *(.rodata)
 .rodata        0x000000000800e618       0xae Core/Src/gps.o
 *fill*         0x000000000800e6c6        0x2 
 .rodata        0x000000000800e6c8      0x108 Core/Src/main.o
 .rodata        0x000000000800e7d0        0xc /Applications/STM32CubeIDE.app/Contents/Eclipse/plugins/com.st.stm32cube.ide.mcu.externaltools.gnu-tools-for-stm32.7-2018-q2-update.macos64_1.0.0.201904181610/tools/bin/../lib/gcc/arm-none-eabi/7.3.1/../../../../arm-none-eabi/lib/thumb/v7e-m/fpv5/hard/libc_nano.a(lib_a-nano-vfscanf_i.o)
 *(.rodata*)
 .rodata.AHBPrescTable
                0x000000000800e7dc       0x10 Core/Src/system_stm32f7xx.o
                0x000000000800e7dc                AHBPrescTable
 .rodata.APBPrescTable
                0x000000000800e7ec        0x8 Core/Src/system_stm32f7xx.o
                0x000000000800e7ec                APBPrescTable
 .rodata._printf_float.str1.1
                0x000000000800e7f4       0x10 /Applications/STM32CubeIDE.app/Contents/Eclipse/plugins/com.st.stm32cube.ide.mcu.externaltools.gnu-tools-for-stm32.7-2018-q2-update.macos64_1.0.0.201904181610/tools/bin/../lib/gcc/arm-none-eabi/7.3.1/../../../../arm-none-eabi/lib/thumb/v7e-m/fpv5/hard/libc_nano.a(lib_a-nano-vfprintf_float.o)
                                         0x12 (size before relaxing)
 .rodata._printf_i.str1.1
                0x000000000800e804       0x22 /Applications/STM32CubeIDE.app/Contents/Eclipse/plugins/com.st.stm32cube.ide.mcu.externaltools.gnu-tools-for-stm32.7-2018-q2-update.macos64_1.0.0.201904181610/tools/bin/../lib/gcc/arm-none-eabi/7.3.1/../../../../arm-none-eabi/lib/thumb/v7e-m/fpv5/hard/libc_nano.a(lib_a-nano-vfprintf_i.o)
 .rodata._scanf_float.str1.1
                0x000000000800e826        0x5 /Applications/STM32CubeIDE.app/Contents/Eclipse/plugins/com.st.stm32cube.ide.mcu.externaltools.gnu-tools-for-stm32.7-2018-q2-update.macos64_1.0.0.201904181610/tools/bin/../lib/gcc/arm-none-eabi/7.3.1/../../../../arm-none-eabi/lib/thumb/v7e-m/fpv5/hard/libc_nano.a(lib_a-nano-vfscanf_float.o)
 .rodata._strtod_l.str1.1
                0x000000000800e82b        0x5 /Applications/STM32CubeIDE.app/Contents/Eclipse/plugins/com.st.stm32cube.ide.mcu.externaltools.gnu-tools-for-stm32.7-2018-q2-update.macos64_1.0.0.201904181610/tools/bin/../lib/gcc/arm-none-eabi/7.3.1/../../../../arm-none-eabi/lib/thumb/v7e-m/fpv5/hard/libc_nano.a(lib_a-strtod.o)
                                          0xc (size before relaxing)
 *fill*         0x000000000800e82b        0x1 
 .rodata.fpi.7435
                0x000000000800e82c       0x14 /Applications/STM32CubeIDE.app/Contents/Eclipse/plugins/com.st.stm32cube.ide.mcu.externaltools.gnu-tools-for-stm32.7-2018-q2-update.macos64_1.0.0.201904181610/tools/bin/../lib/gcc/arm-none-eabi/7.3.1/../../../../arm-none-eabi/lib/thumb/v7e-m/fpv5/hard/libc_nano.a(lib_a-strtod.o)
 .rodata.fpinan.7471
                0x000000000800e840       0x14 /Applications/STM32CubeIDE.app/Contents/Eclipse/plugins/com.st.stm32cube.ide.mcu.externaltools.gnu-tools-for-stm32.7-2018-q2-update.macos64_1.0.0.201904181610/tools/bin/../lib/gcc/arm-none-eabi/7.3.1/../../../../arm-none-eabi/lib/thumb/v7e-m/fpv5/hard/libc_nano.a(lib_a-strtod.o)
 *fill*         0x000000000800e854        0x4 
 .rodata.tinytens
                0x000000000800e858       0x28 /Applications/STM32CubeIDE.app/Contents/Eclipse/plugins/com.st.stm32cube.ide.mcu.externaltools.gnu-tools-for-stm32.7-2018-q2-update.macos64_1.0.0.201904181610/tools/bin/../lib/gcc/arm-none-eabi/7.3.1/../../../../arm-none-eabi/lib/thumb/v7e-m/fpv5/hard/libc_nano.a(lib_a-strtod.o)
 .rodata._dtoa_r.str1.1
                0x000000000800e880        0xd /Applications/STM32CubeIDE.app/Contents/Eclipse/plugins/com.st.stm32cube.ide.mcu.externaltools.gnu-tools-for-stm32.7-2018-q2-update.macos64_1.0.0.201904181610/tools/bin/../lib/gcc/arm-none-eabi/7.3.1/../../../../arm-none-eabi/lib/thumb/v7e-m/fpv5/hard/libc_nano.a(lib_a-dtoa.o)
                                          0xf (size before relaxing)
 .rodata._setlocale_r.str1.1
                0x000000000800e88d        0x8 /Applications/STM32CubeIDE.app/Contents/Eclipse/plugins/com.st.stm32cube.ide.mcu.externaltools.gnu-tools-for-stm32.7-2018-q2-update.macos64_1.0.0.201904181610/tools/bin/../lib/gcc/arm-none-eabi/7.3.1/../../../../arm-none-eabi/lib/thumb/v7e-m/fpv5/hard/libc_nano.a(lib_a-locale.o)
                                          0x9 (size before relaxing)
 .rodata.str1.1
                0x000000000800e895        0x2 /Applications/STM32CubeIDE.app/Contents/Eclipse/plugins/com.st.stm32cube.ide.mcu.externaltools.gnu-tools-for-stm32.7-2018-q2-update.macos64_1.0.0.201904181610/tools/bin/../lib/gcc/arm-none-eabi/7.3.1/../../../../arm-none-eabi/lib/thumb/v7e-m/fpv5/hard/libc_nano.a(lib_a-locale.o)
 *fill*         0x000000000800e897        0x1 
 .rodata.__mprec_bigtens
                0x000000000800e898       0x28 /Applications/STM32CubeIDE.app/Contents/Eclipse/plugins/com.st.stm32cube.ide.mcu.externaltools.gnu-tools-for-stm32.7-2018-q2-update.macos64_1.0.0.201904181610/tools/bin/../lib/gcc/arm-none-eabi/7.3.1/../../../../arm-none-eabi/lib/thumb/v7e-m/fpv5/hard/libc_nano.a(lib_a-mprec.o)
                0x000000000800e898                __mprec_bigtens
 .rodata.__mprec_tens
                0x000000000800e8c0       0xc8 /Applications/STM32CubeIDE.app/Contents/Eclipse/plugins/com.st.stm32cube.ide.mcu.externaltools.gnu-tools-for-stm32.7-2018-q2-update.macos64_1.0.0.201904181610/tools/bin/../lib/gcc/arm-none-eabi/7.3.1/../../../../arm-none-eabi/lib/thumb/v7e-m/fpv5/hard/libc_nano.a(lib_a-mprec.o)
                0x000000000800e8c0                __mprec_tens
 .rodata.p05.7359
                0x000000000800e988        0xc /Applications/STM32CubeIDE.app/Contents/Eclipse/plugins/com.st.stm32cube.ide.mcu.externaltools.gnu-tools-for-stm32.7-2018-q2-update.macos64_1.0.0.201904181610/tools/bin/../lib/gcc/arm-none-eabi/7.3.1/../../../../arm-none-eabi/lib/thumb/v7e-m/fpv5/hard/libc_nano.a(lib_a-mprec.o)
 .rodata._svfprintf_r.str1.1
                0x000000000800e994       0x11 /Applications/STM32CubeIDE.app/Contents/Eclipse/plugins/com.st.stm32cube.ide.mcu.externaltools.gnu-tools-for-stm32.7-2018-q2-update.macos64_1.0.0.201904181610/tools/bin/../lib/gcc/arm-none-eabi/7.3.1/../../../../arm-none-eabi/lib/thumb/v7e-m/fpv5/hard/libc_nano.a(lib_a-nano-svfprintf.o)
 .rodata.__ssvfscanf_r.str1.1
                0x000000000800e9a5        0x4 /Applications/STM32CubeIDE.app/Contents/Eclipse/plugins/com.st.stm32cube.ide.mcu.externaltools.gnu-tools-for-stm32.7-2018-q2-update.macos64_1.0.0.201904181610/tools/bin/../lib/gcc/arm-none-eabi/7.3.1/../../../../arm-none-eabi/lib/thumb/v7e-m/fpv5/hard/libc_nano.a(lib_a-nano-svfscanf.o)
 .rodata._scanf_i.str1.1
                0x000000000800e9a5       0x12 /Applications/STM32CubeIDE.app/Contents/Eclipse/plugins/com.st.stm32cube.ide.mcu.externaltools.gnu-tools-for-stm32.7-2018-q2-update.macos64_1.0.0.201904181610/tools/bin/../lib/gcc/arm-none-eabi/7.3.1/../../../../arm-none-eabi/lib/thumb/v7e-m/fpv5/hard/libc_nano.a(lib_a-nano-vfscanf_i.o)
 .rodata.str1.1
                0x000000000800e9b7        0x9 /Applications/STM32CubeIDE.app/Contents/Eclipse/plugins/com.st.stm32cube.ide.mcu.externaltools.gnu-tools-for-stm32.7-2018-q2-update.macos64_1.0.0.201904181610/tools/bin/../lib/gcc/arm-none-eabi/7.3.1/../../../../arm-none-eabi/lib/thumb/v7e-m/fpv5/hard/libc_nano.a(lib_a-nano-vfscanf_i.o)
 .rodata._ctype_
                0x000000000800e9c0      0x101 /Applications/STM32CubeIDE.app/Contents/Eclipse/plugins/com.st.stm32cube.ide.mcu.externaltools.gnu-tools-for-stm32.7-2018-q2-update.macos64_1.0.0.201904181610/tools/bin/../lib/gcc/arm-none-eabi/7.3.1/../../../../arm-none-eabi/lib/thumb/v7e-m/fpv5/hard/libc_nano.a(lib_a-ctype_.o)
                0x000000000800e9c0                _ctype_
 *fill*         0x000000000800eac1        0x3 
 .rodata.__sf_fake_stderr
                0x000000000800eac4       0x20 /Applications/STM32CubeIDE.app/Contents/Eclipse/plugins/com.st.stm32cube.ide.mcu.externaltools.gnu-tools-for-stm32.7-2018-q2-update.macos64_1.0.0.201904181610/tools/bin/../lib/gcc/arm-none-eabi/7.3.1/../../../../arm-none-eabi/lib/thumb/v7e-m/fpv5/hard/libc_nano.a(lib_a-findfp.o)
                0x000000000800eac4                __sf_fake_stderr
 .rodata.__sf_fake_stdin
                0x000000000800eae4       0x20 /Applications/STM32CubeIDE.app/Contents/Eclipse/plugins/com.st.stm32cube.ide.mcu.externaltools.gnu-tools-for-stm32.7-2018-q2-update.macos64_1.0.0.201904181610/tools/bin/../lib/gcc/arm-none-eabi/7.3.1/../../../../arm-none-eabi/lib/thumb/v7e-m/fpv5/hard/libc_nano.a(lib_a-findfp.o)
                0x000000000800eae4                __sf_fake_stdin
 .rodata.__sf_fake_stdout
                0x000000000800eb04       0x20 /Applications/STM32CubeIDE.app/Contents/Eclipse/plugins/com.st.stm32cube.ide.mcu.externaltools.gnu-tools-for-stm32.7-2018-q2-update.macos64_1.0.0.201904181610/tools/bin/../lib/gcc/arm-none-eabi/7.3.1/../../../../arm-none-eabi/lib/thumb/v7e-m/fpv5/hard/libc_nano.a(lib_a-findfp.o)
                0x000000000800eb04                __sf_fake_stdout
 *fill*         0x000000000800eb24        0x4 
 .rodata.atanhi
                0x000000000800eb28       0x20 /Applications/STM32CubeIDE.app/Contents/Eclipse/plugins/com.st.stm32cube.ide.mcu.externaltools.gnu-tools-for-stm32.7-2018-q2-update.macos64_1.0.0.201904181610/tools/bin/../lib/gcc/arm-none-eabi/7.3.1/../../../../arm-none-eabi/lib/thumb/v7e-m/fpv5/hard/libm.a(lib_a-s_atan.o)
 .rodata.atanlo
                0x000000000800eb48       0x20 /Applications/STM32CubeIDE.app/Contents/Eclipse/plugins/com.st.stm32cube.ide.mcu.externaltools.gnu-tools-for-stm32.7-2018-q2-update.macos64_1.0.0.201904181610/tools/bin/../lib/gcc/arm-none-eabi/7.3.1/../../../../arm-none-eabi/lib/thumb/v7e-m/fpv5/hard/libm.a(lib_a-s_atan.o)
 .rodata.fmod.str1.1