main.c:109:6:HAL_UART_RxCpltCallback	16	static
main.c:155:6:isPressed	16	static
main.c:171:5:main	120	static
main.c:456:6:SystemClock_Config	232	static
main.c:521:13:MX_ADC3_Init	24	static
main.c:571:13:MX_I2C1_Init	8	static
main.c:617:13:MX_I2C2_Init	8	static
main.c:663:13:MX_SPI1_Init	8	static
main.c:703:13:MX_TIM1_Init	40	static
main.c:750:13:MX_UART7_Init	8	static
main.c:785:13:MX_USART3_UART_Init	8	static
main.c:820:13:MX_USART6_UART_Init	8	static
main.c:855:13:MX_GPIO_Init	64	static
main.c:973:6:Error_Handler	4	static
