main.c:107:6:HAL_UART_RxCpltCallback	16	static
main.c:141:6:isPressed	16	static
main.c:157:5:main	168	static
main.c:389:6:SystemClock_Config	232	static
main.c:454:13:MX_ADC3_Init	24	static
main.c:504:13:MX_I2C1_Init	8	static
main.c:550:13:MX_I2C2_Init	8	static
main.c:596:13:MX_SPI1_Init	8	static
main.c:636:13:MX_TIM1_Init	40	static
main.c:683:13:MX_UART7_Init	8	static
main.c:718:13:MX_USART3_UART_Init	8	static
main.c:753:13:MX_USART6_UART_Init	8	static
main.c:788:13:MX_GPIO_Init	64	static
main.c:906:6:Error_Handler	4	static
